Archive member included to satisfy reference by file (symbol)

c:/st/stm32cubeide_1.2.0/stm32cubeide/plugins/com.st.stm32cube.ide.mcu.externaltools.gnu-tools-for-stm32.7-2018-q2-update.win32_1.0.0.201904181610/tools/bin/../lib/gcc/arm-none-eabi/7.3.1/../../../../arm-none-eabi/lib/thumb/v6-m\libstdc++_nano.a(del_ops.o)
                              Core/Src/CV.o (operator delete(void*, unsigned int))
c:/st/stm32cubeide_1.2.0/stm32cubeide/plugins/com.st.stm32cube.ide.mcu.externaltools.gnu-tools-for-stm32.7-2018-q2-update.win32_1.0.0.201904181610/tools/bin/../lib/gcc/arm-none-eabi/7.3.1/../../../../arm-none-eabi/lib/thumb/v6-m\libstdc++_nano.a(del_op.o)
                              c:/st/stm32cubeide_1.2.0/stm32cubeide/plugins/com.st.stm32cube.ide.mcu.externaltools.gnu-tools-for-stm32.7-2018-q2-update.win32_1.0.0.201904181610/tools/bin/../lib/gcc/arm-none-eabi/7.3.1/../../../../arm-none-eabi/lib/thumb/v6-m\libstdc++_nano.a(del_ops.o) (operator delete(void*))
c:/st/stm32cubeide_1.2.0/stm32cubeide/plugins/com.st.stm32cube.ide.mcu.externaltools.gnu-tools-for-stm32.7-2018-q2-update.win32_1.0.0.201904181610/tools/bin/../lib/gcc/arm-none-eabi/7.3.1/../../../../arm-none-eabi/lib/thumb/v6-m\libc_nano.a(lib_a-errno.o)
                              Core/Src/syscalls.o (__errno)
c:/st/stm32cubeide_1.2.0/stm32cubeide/plugins/com.st.stm32cube.ide.mcu.externaltools.gnu-tools-for-stm32.7-2018-q2-update.win32_1.0.0.201904181610/tools/bin/../lib/gcc/arm-none-eabi/7.3.1/../../../../arm-none-eabi/lib/thumb/v6-m\libc_nano.a(lib_a-exit.o)
                              c:/st/stm32cubeide_1.2.0/stm32cubeide/plugins/com.st.stm32cube.ide.mcu.externaltools.gnu-tools-for-stm32.7-2018-q2-update.win32_1.0.0.201904181610/tools/bin/../lib/gcc/arm-none-eabi/7.3.1/../../../../arm-none-eabi/lib/thumb/v6-m/crt0.o (exit)
c:/st/stm32cubeide_1.2.0/stm32cubeide/plugins/com.st.stm32cube.ide.mcu.externaltools.gnu-tools-for-stm32.7-2018-q2-update.win32_1.0.0.201904181610/tools/bin/../lib/gcc/arm-none-eabi/7.3.1/../../../../arm-none-eabi/lib/thumb/v6-m\libc_nano.a(lib_a-impure.o)
                              c:/st/stm32cubeide_1.2.0/stm32cubeide/plugins/com.st.stm32cube.ide.mcu.externaltools.gnu-tools-for-stm32.7-2018-q2-update.win32_1.0.0.201904181610/tools/bin/../lib/gcc/arm-none-eabi/7.3.1/../../../../arm-none-eabi/lib/thumb/v6-m\libc_nano.a(lib_a-exit.o) (_global_impure_ptr)
c:/st/stm32cubeide_1.2.0/stm32cubeide/plugins/com.st.stm32cube.ide.mcu.externaltools.gnu-tools-for-stm32.7-2018-q2-update.win32_1.0.0.201904181610/tools/bin/../lib/gcc/arm-none-eabi/7.3.1/../../../../arm-none-eabi/lib/thumb/v6-m\libc_nano.a(lib_a-init.o)
                              c:/st/stm32cubeide_1.2.0/stm32cubeide/plugins/com.st.stm32cube.ide.mcu.externaltools.gnu-tools-for-stm32.7-2018-q2-update.win32_1.0.0.201904181610/tools/bin/../lib/gcc/arm-none-eabi/7.3.1/../../../../arm-none-eabi/lib/thumb/v6-m/crt0.o (__libc_init_array)
c:/st/stm32cubeide_1.2.0/stm32cubeide/plugins/com.st.stm32cube.ide.mcu.externaltools.gnu-tools-for-stm32.7-2018-q2-update.win32_1.0.0.201904181610/tools/bin/../lib/gcc/arm-none-eabi/7.3.1/../../../../arm-none-eabi/lib/thumb/v6-m\libc_nano.a(lib_a-malloc.o)
                              c:/st/stm32cubeide_1.2.0/stm32cubeide/plugins/com.st.stm32cube.ide.mcu.externaltools.gnu-tools-for-stm32.7-2018-q2-update.win32_1.0.0.201904181610/tools/bin/../lib/gcc/arm-none-eabi/7.3.1/../../../../arm-none-eabi/lib/thumb/v6-m\libstdc++_nano.a(del_op.o) (free)
c:/st/stm32cubeide_1.2.0/stm32cubeide/plugins/com.st.stm32cube.ide.mcu.externaltools.gnu-tools-for-stm32.7-2018-q2-update.win32_1.0.0.201904181610/tools/bin/../lib/gcc/arm-none-eabi/7.3.1/../../../../arm-none-eabi/lib/thumb/v6-m\libc_nano.a(lib_a-memset.o)
                              c:/st/stm32cubeide_1.2.0/stm32cubeide/plugins/com.st.stm32cube.ide.mcu.externaltools.gnu-tools-for-stm32.7-2018-q2-update.win32_1.0.0.201904181610/tools/bin/../lib/gcc/arm-none-eabi/7.3.1/../../../../arm-none-eabi/lib/thumb/v6-m/crt0.o (memset)
c:/st/stm32cubeide_1.2.0/stm32cubeide/plugins/com.st.stm32cube.ide.mcu.externaltools.gnu-tools-for-stm32.7-2018-q2-update.win32_1.0.0.201904181610/tools/bin/../lib/gcc/arm-none-eabi/7.3.1/../../../../arm-none-eabi/lib/thumb/v6-m\libc_nano.a(lib_a-nano-freer.o)
                              c:/st/stm32cubeide_1.2.0/stm32cubeide/plugins/com.st.stm32cube.ide.mcu.externaltools.gnu-tools-for-stm32.7-2018-q2-update.win32_1.0.0.201904181610/tools/bin/../lib/gcc/arm-none-eabi/7.3.1/../../../../arm-none-eabi/lib/thumb/v6-m\libc_nano.a(lib_a-malloc.o) (_free_r)
c:/st/stm32cubeide_1.2.0/stm32cubeide/plugins/com.st.stm32cube.ide.mcu.externaltools.gnu-tools-for-stm32.7-2018-q2-update.win32_1.0.0.201904181610/tools/bin/../lib/gcc/arm-none-eabi/7.3.1/../../../../arm-none-eabi/lib/thumb/v6-m\libc_nano.a(lib_a-nano-mallocr.o)
[...]
Memory Configuration

Name             Origin             Length             Attributes
RAM              0x0000000020000000 0x0000000000004000 xrw
FLASH            0x0000000008000000 0x0000000000020000 xr
*default*        0x0000000000000000 0xffffffffffffffff

Linker script and memory map

LOAD c:/st/stm32cubeide_1.2.0/stm32cubeide/plugins/com.st.stm32cube.ide.mcu.externaltools.gnu-tools-for-stm32.7-2018-q2-update.win32_1.0.0.201904181610/tools/bin/../lib/gcc/arm-none-eabi/7.3.1/thumb/v6-m/crti.o
LOAD c:/st/stm32cubeide_1.2.0/stm32cubeide/plugins/com.st.stm32cube.ide.mcu.externaltools.gnu-tools-for-stm32.7-2018-q2-update.win32_1.0.0.201904181610/tools/bin/../lib/gcc/arm-none-eabi/7.3.1/thumb/v6-m/crtbegin.o
LOAD c:/st/stm32cubeide_1.2.0/stm32cubeide/plugins/com.st.stm32cube.ide.mcu.externaltools.gnu-tools-for-stm32.7-2018-q2-update.win32_1.0.0.201904181610/tools/bin/../lib/gcc/arm-none-eabi/7.3.1/../../../../arm-none-eabi/lib/thumb/v6-m/crt0.o
LOAD Core/Src/CV.o
LOAD Core/Src/main.o
LOAD Core/Src/stm32f0xx_hal_msp.o
LOAD Core/Src/stm32f0xx_it.o
LOAD Core/Src/syscalls.o
LOAD Core/Src/sysmem.o
LOAD Core/Src/system_stm32f0xx.o
LOAD Core/Startup/startup_stm32f072rbtx.o
LOAD Drivers/STM32F0xx_HAL_Driver/Src/stm32f0xx_hal.o
LOAD Drivers/STM32F0xx_HAL_Driver/Src/stm32f0xx_hal_cortex.o
LOAD Drivers/STM32F0xx_HAL_Driver/Src/stm32f0xx_hal_dac.o
LOAD Drivers/STM32F0xx_HAL_Driver/Src/stm32f0xx_hal_dac_ex.o
LOAD Drivers/STM32F0xx_HAL_Driver/Src/stm32f0xx_hal_dma.o
LOAD Drivers/STM32F0xx_HAL_Driver/Src/stm32f0xx_hal_exti.o
LOAD Drivers/STM32F0xx_HAL_Driver/Src/stm32f0xx_hal_flash.o
LOAD Drivers/STM32F0xx_HAL_Driver/Src/stm32f0xx_hal_flash_ex.o
LOAD Drivers/STM32F0xx_HAL_Driver/Src/stm32f0xx_hal_gpio.o
LOAD Drivers/STM32F0xx_HAL_Driver/Src/stm32f0xx_hal_i2c.o
LOAD Drivers/STM32F0xx_HAL_Driver/Src/stm32f0xx_hal_i2c_ex.o
LOAD Drivers/STM32F0xx_HAL_Driver/Src/stm32f0xx_hal_pcd.o
LOAD Drivers/STM32F0xx_HAL_Driver/Src/stm32f0xx_hal_pcd_ex.o
LOAD Drivers/STM32F0xx_HAL_Driver/Src/stm32f0xx_hal_pwr.o
LOAD Drivers/STM32F0xx_HAL_Driver/Src/stm32f0xx_hal_pwr_ex.o
LOAD Drivers/STM32F0xx_HAL_Driver/Src/stm32f0xx_hal_rcc.o
LOAD Drivers/STM32F0xx_HAL_Driver/Src/stm32f0xx_hal_rcc_ex.o
LOAD Drivers/STM32F0xx_HAL_Driver/Src/stm32f0xx_hal_tim.o
LOAD Drivers/STM32F0xx_HAL_Driver/Src/stm32f0xx_hal_tim_ex.o
LOAD Drivers/STM32F0xx_HAL_Driver/Src/stm32f0xx_hal_tsc.o
LOAD Drivers/STM32F0xx_HAL_Driver/Src/stm32f0xx_hal_uart.o
LOAD Drivers/STM32F0xx_HAL_Driver/Src/stm32f0xx_hal_uart_ex.o
LOAD Drivers/STM32F0xx_HAL_Driver/Src/stm32f0xx_ll_usb.o
START GROUP
LOAD c:/st/stm32cubeide_1.2.0/stm32cubeide/plugins/com.st.stm32cube.ide.mcu.externaltools.gnu-tools-for-stm32.7-2018-q2-update.win32_1.0.0.201904181610/tools/bin/../lib/gcc/arm-none-eabi/7.3.1/../../../../arm-none-eabi/lib/thumb/v6-m\libstdc++_nano.a
LOAD c:/st/stm32cubeide_1.2.0/stm32cubeide/plugins/com.st.stm32cube.ide.mcu.externaltools.gnu-tools-for-stm32.7-2018-q2-update.win32_1.0.0.201904181610/tools/bin/../lib/gcc/arm-none-eabi/7.3.1/../../../../arm-none-eabi/lib/thumb/v6-m\libsupc++_nano.a
END GROUP
LOAD c:/st/stm32cubeide_1.2.0/stm32cubeide/plugins/com.st.stm32cube.ide.mcu.externaltools.gnu-tools-for-stm32.7-2018-q2-update.win32_1.0.0.201904181610/tools/bin/../lib/gcc/arm-none-eabi/7.3.1/../../../../arm-none-eabi/lib/thumb/v6-m\libstdc++_nano.a
LOAD c:/st/stm32cubeide_1.2.0/stm32cubeide/plugins/com.st.stm32cube.ide.mcu.externaltools.gnu-tools-for-stm32.7-2018-q2-update.win32_1.0.0.201904181610/tools/bin/../lib/gcc/arm-none-eabi/7.3.1/../../../../arm-none-eabi/lib/thumb/v6-m\libm.a
LOAD c:/st/stm32cubeide_1.2.0/stm32cubeide/plugins/com.st.stm32cube.ide.mcu.externaltools.gnu-tools-for-stm32.7-2018-q2-update.win32_1.0.0.201904181610/tools/bin/../lib/gcc/arm-none-eabi/7.3.1/../../../../arm-none-eabi/lib/thumb/v6-m\libc_nano.a
START GROUP
LOAD c:/st/stm32cubeide_1.2.0/stm32cubeide/plugins/com.st.stm32cube.ide.mcu.externaltools.gnu-tools-for-stm32.7-2018-q2-update.win32_1.0.0.201904181610/tools/bin/../lib/gcc/arm-none-eabi/7.3.1/thumb/v6-m\libgcc.a
LOAD c:/st/stm32cubeide_1.2.0/stm32cubeide/plugins/com.st.stm32cube.ide.mcu.externaltools.gnu-tools-for-stm32.7-2018-q2-update.win32_1.0.0.201904181610/tools/bin/../lib/gcc/arm-none-eabi/7.3.1/../../../../arm-none-eabi/lib/thumb/v6-m\libc_nano.a
END GROUP
START GROUP
LOAD c:/st/stm32cubeide_1.2.0/stm32cubeide/plugins/com.st.stm32cube.ide.mcu.externaltools.gnu-tools-for-stm32.7-2018-q2-update.win32_1.0.0.201904181610/tools/bin/../lib/gcc/arm-none-eabi/7.3.1/thumb/v6-m\libgcc.a
LOAD c:/st/stm32cubeide_1.2.0/stm32cubeide/plugins/com.st.stm32cube.ide.mcu.externaltools.gnu-tools-for-stm32.7-2018-q2-update.win32_1.0.0.201904181610/tools/bin/../lib/gcc/arm-none-eabi/7.3.1/../../../../arm-none-eabi/lib/thumb/v6-m\libc_nano.a
LOAD c:/st/stm32cubeide_1.2.0/stm32cubeide/plugins/com.st.stm32cube.ide.mcu.externaltools.gnu-tools-for-stm32.7-2018-q2-update.win32_1.0.0.201904181610/tools/bin/../lib/gcc/arm-none-eabi/7.3.1/../../../../arm-none-eabi/lib/thumb/v6-m\libnosys.a
END GROUP
START GROUP
LOAD c:/st/stm32cubeide_1.2.0/stm32cubeide/plugins/com.st.stm32cube.ide.mcu.externaltools.gnu-tools-for-stm32.7-2018-q2-update.win32_1.0.0.201904181610/tools/bin/../lib/gcc/arm-none-eabi/7.3.1/thumb/v6-m\libgcc.a
LOAD c:/st/stm32cubeide_1.2.0/stm32cubeide/plugins/com.st.stm32cube.ide.mcu.externaltools.gnu-tools-for-stm32.7-2018-q2-update.win32_1.0.0.201904181610/tools/bin/../lib/gcc/arm-none-eabi/7.3.1/../../../../arm-none-eabi/lib/thumb/v6-m\libc_nano.a
LOAD c:/st/stm32cubeide_1.2.0/stm32cubeide/plugins/com.st.stm32cube.ide.mcu.externaltools.gnu-tools-for-stm32.7-2018-q2-update.win32_1.0.0.201904181610/tools/bin/../lib/gcc/arm-none-eabi/7.3.1/../../../../arm-none-eabi/lib/thumb/v6-m\libnosys.a
END GROUP
LOAD c:/st/stm32cubeide_1.2.0/stm32cubeide/plugins/com.st.stm32cube.ide.mcu.externaltools.gnu-tools-for-stm32.7-2018-q2-update.win32_1.0.0.201904181610/tools/bin/../lib/gcc/arm-none-eabi/7.3.1/thumb/v6-m/crtend.o
LOAD c:/st/stm32cubeide_1.2.0/stm32cubeide/plugins/com.st.stm32cube.ide.mcu.externaltools.gnu-tools-for-stm32.7-2018-q2-update.win32_1.0.0.201904181610/tools/bin/../lib/gcc/arm-none-eabi/7.3.1/thumb/v6-m/crtn.o
                0x0000000020004000                _estack = (ORIGIN (RAM) + LENGTH (RAM))
                0x0000000000000200                _Min_Heap_Size = 0x200
                0x0000000000000400                _Min_Stack_Size = 0x400

.isr_vector     0x0000000008000000       0xc0
                0x0000000008000000                . = ALIGN (0x4)
 *(.isr_vector)
 .isr_vector    0x0000000008000000       0xc0 Core/Startup/startup_stm32f072rbtx.o
                0x0000000008000000                g_pfnVectors
                0x00000000080000c0                . = ALIGN (0x4)

.text           0x00000000080000c0     0x3fd8
                0x00000000080000c0                . = ALIGN (0x4)
 *(.text)
 .text          0x00000000080000c0       0x48 c:/st/stm32cubeide_1.2.0/stm32cubeide/plugins/com.st.stm32cube.ide.mcu.externaltools.gnu-tools-for-stm32.7-2018-q2-update.win32_1.0.0.201904181610/tools/bin/../lib/gcc/arm-none-eabi/7.3.1/thumb/v6-m/crtbegin.o
 .text          0x0000000008000108      0x114 c:/st/stm32cubeide_1.2.0/stm32cubeide/plugins/com.st.stm32cube.ide.mcu.externaltools.gnu-tools-for-stm32.7-2018-q2-update.win32_1.0.0.201904181610/tools/bin/../lib/gcc/arm-none-eabi/7.3.1/thumb/v6-m\libgcc.a(_udivsi3.o)
                0x0000000008000108                __aeabi_uidiv
                0x0000000008000108                __udivsi3
                0x0000000008000214                __aeabi_uidivmod
 .text          0x000000000800021c      0x1d4 c:/st/stm32cubeide_1.2.0/stm32cubeide/plugins/com.st.stm32cube.ide.mcu.externaltools.gnu-tools-for-stm32.7-2018-q2-update.win32_1.0.0.201904181610/tools/bin/../lib/gcc/arm-none-eabi/7.3.1/thumb/v6-m\libgcc.a(_divsi3.o)
                0x000000000800021c                __divsi3
                0x000000000800021c                __aeabi_idiv
                0x00000000080003e8                __aeabi_idivmod
 .text          0x00000000080003f0        0x4 c:/st/stm32cubeide_1.2.0/stm32cubeide/plugins/com.st.stm32cube.ide.mcu.externaltools.gnu-tools-for-stm32.7-2018-q2-update.win32_1.0.0.201904181610/tools/bin/../lib/gcc/arm-none-eabi/7.3.1/thumb/v6-m\libgcc.a(_dvmd_tls.o)
                0x00000000080003f0                __aeabi_idiv0
                0x00000000080003f0                __aeabi_ldiv0
 .text          0x00000000080003f4       0x54 c:/st/stm32cubeide_1.2.0/stm32cubeide/plugins/com.st.stm32cube.ide.mcu.externaltools.gnu-tools-for-stm32.7-2018-q2-update.win32_1.0.0.201904181610/tools/bin/../lib/gcc/arm-none-eabi/7.3.1/thumb/v6-m\libgcc.a(_muldi3.o)
                0x00000000080003f4                __muldi3
                0x00000000080003f4                __aeabi_lmul
 *(.text*)
 .text._ZN2CVC2Ev
                0x0000000008000448       0x54 Core/Src/CV.o
                0x0000000008000448                CV::CV()
                0x0000000008000448                CV::CV()
 .text._ZN2CV7CV_initEttPFvtE
                0x000000000800049c       0x4e Core/Src/CV.o
                0x000000000800049c                CV::CV_init(unsigned short, unsigned short, void (*)(unsigned short))
 *fill*         0x00000000080004ea        0x2 
 .text._ZN2CVD2Ev
                0x00000000080004ec       0x1c Core/Src/CV.o
                0x00000000080004ec                CV::~CV()
                0x00000000080004ec                CV::~CV()
 .text._ZN2CVD0Ev
                0x0000000008000508       0x24 Core/Src/CV.o
                0x0000000008000508                CV::~CV()
 .text._ZN2CV15set_target_noteEh
                0x000000000800052c       0x42 Core/Src/CV.o
                0x000000000800052c                CV::set_target_note(unsigned char)
 .text._ZN2CV13set_toleranceEt
                0x000000000800056e       0x1e Core/Src/CV.o
                0x000000000800056e                CV::set_tolerance(unsigned short)
 .text._ZN2CV14get_last_pitchEv
                0x000000000800058c       0x14 Core/Src/CV.o
                0x000000000800058c                CV::get_last_pitch()
 .text._ZN2CV9set_glideEt
                0x00000000080005a0       0x2c Core/Src/CV.o
                0x00000000080005a0                CV::set_glide(unsigned short)
 .text._ZN2CV9CV_updateEv
                0x00000000080005cc      0x120 Core/Src/CV.o
                0x00000000080005cc                CV::CV_update()
 .text._ZN2CV21setCV_output_functionEPFvtE
                0x00000000080006ec       0x18 Core/Src/CV.o
                0x00000000080006ec                CV::setCV_output_function(void (*)(unsigned short))
 .text.main     0x0000000008000704       0x54 Core/Src/main.o
                0x0000000008000704                main
 .text._Z18SystemClock_Configv
                0x0000000008000758       0xe4 Core/Src/main.o
                0x0000000008000758                SystemClock_Config()
 .text._ZL11MX_DAC_Initv
                0x000000000800083c       0x88 Core/Src/main.o
 .text._ZL12MX_TIM2_Initv
                0x00000000080008c4      0x128 Core/Src/main.o
 .text._ZL11MX_TSC_Initv
                0x00000000080009ec       0x90 Core/Src/main.o
 .text._ZL19MX_USART3_UART_Initv
                0x0000000008000a7c       0x6c Core/Src/main.o
 .text._ZL15MX_USB_PCD_Initv
                0x0000000008000ae8       0x54 Core/Src/main.o
 .text._ZL12MX_GPIO_Initv
                0x0000000008000b3c       0xfc Core/Src/main.o
 .text.set_note
                0x0000000008000c38       0x28 Core/Src/main.o
                0x0000000008000c38                set_note
 .text.output_CV
                0x0000000008000c60       0x50 Core/Src/main.o
                0x0000000008000c60                output_CV
 .text.run_update
                0x0000000008000cb0       0x18 Core/Src/main.o
                0x0000000008000cb0                run_update
 .text.Error_Handler
                0x0000000008000cc8        0xa Core/Src/main.o
                0x0000000008000cc8                Error_Handler
 *fill*         0x0000000008000cd2        0x2 
 .text._Z41__static_initialization_and_destruction_0ii
                0x0000000008000cd4       0x48 Core/Src/main.o
 .text._GLOBAL__sub_I_i
                0x0000000008000d1c       0x18 Core/Src/main.o
 .text._GLOBAL__sub_D_i
                0x0000000008000d34       0x18 Core/Src/main.o
 .text.HAL_MspInit
                0x0000000008000d4c       0x48 Core/Src/stm32f0xx_hal_msp.o
                0x0000000008000d4c                HAL_MspInit
 .text.HAL_DAC_MspInit
                0x0000000008000d94       0x8c Core/Src/stm32f0xx_hal_msp.o
                0x0000000008000d94                HAL_DAC_MspInit
 .text.HAL_TIM_Base_MspInit
                0x0000000008000e20       0x48 Core/Src/stm32f0xx_hal_msp.o
                0x0000000008000e20                HAL_TIM_Base_MspInit
 .text.HAL_TIM_MspPostInit
                0x0000000008000e68       0x7c Core/Src/stm32f0xx_hal_msp.o
                0x0000000008000e68                HAL_TIM_MspPostInit
 .text.HAL_TSC_MspInit
                0x0000000008000ee4      0x140 Core/Src/stm32f0xx_hal_msp.o
                0x0000000008000ee4                HAL_TSC_MspInit
 .text.HAL_UART_MspInit
                0x0000000008001024       0x9c Core/Src/stm32f0xx_hal_msp.o
                0x0000000008001024                HAL_UART_MspInit
 .text.HAL_PCD_MspInit
                0x00000000080010c0       0x40 Core/Src/stm32f0xx_hal_msp.o
                0x00000000080010c0                HAL_PCD_MspInit
 .text.NMI_Handler
                0x0000000008001100        0xa Core/Src/stm32f0xx_it.o
                0x0000000008001100                NMI_Handler
 .text.HardFault_Handler
                0x000000000800110a        0x6 Core/Src/stm32f0xx_it.o
                0x000000000800110a                HardFault_Handler
 .text.SVC_Handler
                0x0000000008001110        0xa Core/Src/stm32f0xx_it.o
                0x0000000008001110                SVC_Handler
 .text.PendSV_Handler
                0x000000000800111a        0xa Core/Src/stm32f0xx_it.o
                0x000000000800111a                PendSV_Handler
 .text.SysTick_Handler
                0x0000000008001124        0xe Core/Src/stm32f0xx_it.o
                0x0000000008001124                SysTick_Handler
 *fill*         0x0000000008001132        0x2 
 .text.TIM2_IRQHandler
                0x0000000008001134       0x8c Core/Src/stm32f0xx_it.o
                0x0000000008001134                TIM2_IRQHandler
 .text._sbrk    0x00000000080011c0       0x58 Core/Src/sysmem.o
                0x00000000080011c0                _sbrk
 .text.SystemInit
                0x0000000008001218        0xa Core/Src/system_stm32f0xx.o
                0x0000000008001218                SystemInit
 *fill*         0x0000000008001222        0x2 
 .text.Reset_Handler
                0x0000000008001224       0x50 Core/Startup/startup_stm32f072rbtx.o
                0x0000000008001224                Reset_Handler
 .text.Default_Handler
                0x0000000008001274        0x2 Core/Startup/startup_stm32f072rbtx.o
                0x0000000008001274                TIM1_CC_IRQHandler
                0x0000000008001274                TSC_IRQHandler
                0x0000000008001274                ADC1_COMP_IRQHandler
                0x0000000008001274                I2C1_IRQHandler
                0x0000000008001274                RCC_CRS_IRQHandler
                0x0000000008001274                SPI1_IRQHandler
                0x0000000008001274                TIM6_DAC_IRQHandler
                0x0000000008001274                USART3_4_IRQHandler
                0x0000000008001274                EXTI2_3_IRQHandler
                0x0000000008001274                I2C2_IRQHandler
                0x0000000008001274                TIM17_IRQHandler
                0x0000000008001274                CEC_CAN_IRQHandler
                0x0000000008001274                RTC_IRQHandler
                0x0000000008001274                PVD_VDDIO2_IRQHandler
                0x0000000008001274                DMA1_Channel4_5_6_7_IRQHandler
                0x0000000008001274                TIM16_IRQHandler
                0x0000000008001274                TIM3_IRQHandler
                0x0000000008001274                EXTI4_15_IRQHandler
                0x0000000008001274                DMA1_Channel1_IRQHandler
                0x0000000008001274                Default_Handler
                0x0000000008001274                TIM14_IRQHandler
                0x0000000008001274                TIM7_IRQHandler
                0x0000000008001274                TIM15_IRQHandler
                0x0000000008001274                EXTI0_1_IRQHandler
                0x0000000008001274                USB_IRQHandler
                0x0000000008001274                SPI2_IRQHandler
                0x0000000008001274                WWDG_IRQHandler
                0x0000000008001274                DMA1_Channel2_3_IRQHandler
                0x0000000008001274                USART2_IRQHandler
                0x0000000008001274                FLASH_IRQHandler
                0x0000000008001274                USART1_IRQHandler
                0x0000000008001274                TIM1_BRK_UP_TRG_COM_IRQHandler
 *fill*         0x0000000008001276        0x2 
 .text.HAL_Init
                0x0000000008001278       0x28 Drivers/STM32F0xx_HAL_Driver/Src/stm32f0xx_hal.o
                0x0000000008001278                HAL_Init
 .text.HAL_InitTick
                0x00000000080012a0       0x68 Drivers/STM32F0xx_HAL_Driver/Src/stm32f0xx_hal.o
                0x00000000080012a0                HAL_InitTick
 .text.HAL_IncTick
                0x0000000008001308       0x24 Drivers/STM32F0xx_HAL_Driver/Src/stm32f0xx_hal.o
                0x0000000008001308                HAL_IncTick
 .text.HAL_GetTick
                0x000000000800132c       0x14 Drivers/STM32F0xx_HAL_Driver/Src/stm32f0xx_hal.o
                0x000000000800132c                HAL_GetTick
 .text.__NVIC_EnableIRQ
                0x0000000008001340       0x34 Drivers/STM32F0xx_HAL_Driver/Src/stm32f0xx_hal_cortex.o
 .text.__NVIC_SetPriority
                0x0000000008001374       0xdc Drivers/STM32F0xx_HAL_Driver/Src/stm32f0xx_hal_cortex.o
 .text.SysTick_Config
                0x0000000008001450       0x48 Drivers/STM32F0xx_HAL_Driver/Src/stm32f0xx_hal_cortex.o
 .text.HAL_NVIC_SetPriority
                0x0000000008001498       0x2a Drivers/STM32F0xx_HAL_Driver/Src/stm32f0xx_hal_cortex.o
                0x0000000008001498                HAL_NVIC_SetPriority
 .text.HAL_NVIC_EnableIRQ
                0x00000000080014c2       0x20 Drivers/STM32F0xx_HAL_Driver/Src/stm32f0xx_hal_cortex.o
                0x00000000080014c2                HAL_NVIC_EnableIRQ
 .text.HAL_SYSTICK_Config
                0x00000000080014e2       0x1a Drivers/STM32F0xx_HAL_Driver/Src/stm32f0xx_hal_cortex.o
                0x00000000080014e2                HAL_SYSTICK_Config
 .text.HAL_DAC_Init
                0x00000000080014fc       0x46 Drivers/STM32F0xx_HAL_Driver/Src/stm32f0xx_hal_dac.o
                0x00000000080014fc                HAL_DAC_Init
 .text.HAL_DAC_SetValue
                0x0000000008001542       0x44 Drivers/STM32F0xx_HAL_Driver/Src/stm32f0xx_hal_dac.o
                0x0000000008001542                HAL_DAC_SetValue
 *fill*         0x0000000008001586        0x2 
 .text.HAL_DAC_ConfigChannel
                0x0000000008001588       0x80 Drivers/STM32F0xx_HAL_Driver/Src/stm32f0xx_hal_dac_ex.o
                0x0000000008001588                HAL_DAC_ConfigChannel
 .text.HAL_DAC_Start
                0x0000000008001608       0x96 Drivers/STM32F0xx_HAL_Driver/Src/stm32f0xx_hal_dac_ex.o
                0x0000000008001608                HAL_DAC_Start
 *fill*         0x000000000800169e        0x2 
 .text.HAL_GPIO_Init
                0x00000000080016a0      0x2f0 Drivers/STM32F0xx_HAL_Driver/Src/stm32f0xx_hal_gpio.o
                0x00000000080016a0                HAL_GPIO_Init
 .text.HAL_GPIO_WritePin
                0x0000000008001990       0x3a Drivers/STM32F0xx_HAL_Driver/Src/stm32f0xx_hal_gpio.o
                0x0000000008001990                HAL_GPIO_WritePin
 .text.HAL_GPIO_TogglePin
                0x00000000080019ca       0x36 Drivers/STM32F0xx_HAL_Driver/Src/stm32f0xx_hal_gpio.o
                0x00000000080019ca                HAL_GPIO_TogglePin
 .text.HAL_PCD_Init
                0x0000000008001a00      0x1c8 Drivers/STM32F0xx_HAL_Driver/Src/stm32f0xx_hal_pcd.o
                0x0000000008001a00                HAL_PCD_Init
 .text.HAL_PCDEx_ActivateLPM
                0x0000000008001bc8       0x54 Drivers/STM32F0xx_HAL_Driver/Src/stm32f0xx_hal_pcd_ex.o
                0x0000000008001bc8                HAL_PCDEx_ActivateLPM
 .text.HAL_RCC_OscConfig
                0x0000000008001c1c      0x70c Drivers/STM32F0xx_HAL_Driver/Src/stm32f0xx_hal_rcc.o
                0x0000000008001c1c                HAL_RCC_OscConfig
 .text.HAL_RCC_ClockConfig
                0x0000000008002328      0x1b4 Drivers/STM32F0xx_HAL_Driver/Src/stm32f0xx_hal_rcc.o
                0x0000000008002328                HAL_RCC_ClockConfig
 .text.HAL_RCC_GetSysClockFreq
                0x00000000080024dc       0xfc Drivers/STM32F0xx_HAL_Driver/Src/stm32f0xx_hal_rcc.o
                0x00000000080024dc                HAL_RCC_GetSysClockFreq
 .text.HAL_RCC_GetHCLKFreq
                0x00000000080025d8       0x14 Drivers/STM32F0xx_HAL_Driver/Src/stm32f0xx_hal_rcc.o
                0x00000000080025d8                HAL_RCC_GetHCLKFreq
 .text.HAL_RCC_GetPCLK1Freq
                0x00000000080025ec       0x2c Drivers/STM32F0xx_HAL_Driver/Src/stm32f0xx_hal_rcc.o
                0x00000000080025ec                HAL_RCC_GetPCLK1Freq
 .text.HAL_RCCEx_PeriphCLKConfig
                0x0000000008002618      0x200 Drivers/STM32F0xx_HAL_Driver/Src/stm32f0xx_hal_rcc_ex.o
                0x0000000008002618                HAL_RCCEx_PeriphCLKConfig
 .text.HAL_TIM_Base_Init
                0x0000000008002818       0x58 Drivers/STM32F0xx_HAL_Driver/Src/stm32f0xx_hal_tim.o
                0x0000000008002818                HAL_TIM_Base_Init
 .text.HAL_TIM_Base_Start_IT
                0x0000000008002870       0x44 Drivers/STM32F0xx_HAL_Driver/Src/stm32f0xx_hal_tim.o
                0x0000000008002870                HAL_TIM_Base_Start_IT
 .text.HAL_TIM_OC_Init
                0x00000000080028b4       0x58 Drivers/STM32F0xx_HAL_Driver/Src/stm32f0xx_hal_tim.o
                0x00000000080028b4                HAL_TIM_OC_Init
 .text.HAL_TIM_OC_MspInit
                0x000000000800290c       0x10 Drivers/STM32F0xx_HAL_Driver/Src/stm32f0xx_hal_tim.o
                0x000000000800290c                HAL_TIM_OC_MspInit
 .text.HAL_TIM_IRQHandler
                0x000000000800291c      0x22c Drivers/STM32F0xx_HAL_Driver/Src/stm32f0xx_hal_tim.o
                0x000000000800291c                HAL_TIM_IRQHandler
 .text.HAL_TIM_OC_ConfigChannel
                0x0000000008002b48       0x9c Drivers/STM32F0xx_HAL_Driver/Src/stm32f0xx_hal_tim.o
                0x0000000008002b48                HAL_TIM_OC_ConfigChannel
 .text.HAL_TIM_ConfigClockSource
                0x0000000008002be4      0x17c Drivers/STM32F0xx_HAL_Driver/Src/stm32f0xx_hal_tim.o
                0x0000000008002be4                HAL_TIM_ConfigClockSource
 .text.HAL_TIM_PeriodElapsedCallback
                0x0000000008002d60       0x10 Drivers/STM32F0xx_HAL_Driver/Src/stm32f0xx_hal_tim.o
                0x0000000008002d60                HAL_TIM_PeriodElapsedCallback
 .text.HAL_TIM_OC_DelayElapsedCallback
                0x0000000008002d70       0x10 Drivers/STM32F0xx_HAL_Driver/Src/stm32f0xx_hal_tim.o
                0x0000000008002d70                HAL_TIM_OC_DelayElapsedCallback
 .text.HAL_TIM_IC_CaptureCallback
                0x0000000008002d80       0x10 Drivers/STM32F0xx_HAL_Driver/Src/stm32f0xx_hal_tim.o
                0x0000000008002d80                HAL_TIM_IC_CaptureCallback
 .text.HAL_TIM_PWM_PulseFinishedCallback
                0x0000000008002d90       0x10 Drivers/STM32F0xx_HAL_Driver/Src/stm32f0xx_hal_tim.o
                0x0000000008002d90                HAL_TIM_PWM_PulseFinishedCallback
 .text.HAL_TIM_TriggerCallback
                0x0000000008002da0       0x10 Drivers/STM32F0xx_HAL_Driver/Src/stm32f0xx_hal_tim.o
                0x0000000008002da0                HAL_TIM_TriggerCallback
 .text.TIM_Base_SetConfig
                0x0000000008002db0      0x100 Drivers/STM32F0xx_HAL_Driver/Src/stm32f0xx_hal_tim.o
                0x0000000008002db0                TIM_Base_SetConfig
 .text.TIM_OC1_SetConfig
                0x0000000008002eb0      0x110 Drivers/STM32F0xx_HAL_Driver/Src/stm32f0xx_hal_tim.o
 .text.TIM_OC2_SetConfig
                0x0000000008002fc0      0x108 Drivers/STM32F0xx_HAL_Driver/Src/stm32f0xx_hal_tim.o
                0x0000000008002fc0                TIM_OC2_SetConfig
 .text.TIM_OC3_SetConfig
                0x00000000080030c8      0x10c Drivers/STM32F0xx_HAL_Driver/Src/stm32f0xx_hal_tim.o
 .text.TIM_OC4_SetConfig
                0x00000000080031d4       0xd4 Drivers/STM32F0xx_HAL_Driver/Src/stm32f0xx_hal_tim.o
 .text.TIM_TI1_ConfigInputStage
                0x00000000080032a8       0x5c Drivers/STM32F0xx_HAL_Driver/Src/stm32f0xx_hal_tim.o
 .text.TIM_TI2_ConfigInputStage
                0x0000000008003304       0x64 Drivers/STM32F0xx_HAL_Driver/Src/stm32f0xx_hal_tim.o
 .text.TIM_ITRx_SetConfig
                0x0000000008003368       0x32 Drivers/STM32F0xx_HAL_Driver/Src/stm32f0xx_hal_tim.o
 *fill*         0x000000000800339a        0x2 
 .text.TIM_ETR_SetConfig
                0x000000000800339c       0x40 Drivers/STM32F0xx_HAL_Driver/Src/stm32f0xx_hal_tim.o
                0x000000000800339c                TIM_ETR_SetConfig
 .text.HAL_TIMEx_MasterConfigSynchronization
                0x00000000080033dc       0xbc Drivers/STM32F0xx_HAL_Driver/Src/stm32f0xx_hal_tim_ex.o
                0x00000000080033dc                HAL_TIMEx_MasterConfigSynchronization
 .text.HAL_TIMEx_CommutCallback
                0x0000000008003498       0x10 Drivers/STM32F0xx_HAL_Driver/Src/stm32f0xx_hal_tim_ex.o
                0x0000000008003498                HAL_TIMEx_CommutCallback
 .text.HAL_TIMEx_BreakCallback
                0x00000000080034a8       0x10 Drivers/STM32F0xx_HAL_Driver/Src/stm32f0xx_hal_tim_ex.o
                0x00000000080034a8                HAL_TIMEx_BreakCallback
 .text.HAL_TSC_Init
                0x00000000080034b8      0x104 Drivers/STM32F0xx_HAL_Driver/Src/stm32f0xx_hal_tsc.o
                0x00000000080034b8                HAL_TSC_Init
 .text.TSC_extract_groups
                0x00000000080035bc       0x46 Drivers/STM32F0xx_HAL_Driver/Src/stm32f0xx_hal_tsc.o
 *fill*         0x0000000008003602        0x2 
 .text.HAL_UART_Init
                0x0000000008003604       0xa8 Drivers/STM32F0xx_HAL_Driver/Src/stm32f0xx_hal_uart.o
                0x0000000008003604                HAL_UART_Init
 .text.UART_SetConfig
                0x00000000080036ac      0x398 Drivers/STM32F0xx_HAL_Driver/Src/stm32f0xx_hal_uart.o
                0x00000000080036ac                UART_SetConfig
 .text.UART_AdvFeatureConfig
                0x0000000008003a44      0x168 Drivers/STM32F0xx_HAL_Driver/Src/stm32f0xx_hal_uart.o
                0x0000000008003a44                UART_AdvFeatureConfig
 .text.UART_CheckIdleState
                0x0000000008003bac       0x8c Drivers/STM32F0xx_HAL_Driver/Src/stm32f0xx_hal_uart.o
                0x0000000008003bac                UART_CheckIdleState
 .text.UART_WaitOnFlagUntilTimeout
                0x0000000008003c38       0xfc Drivers/STM32F0xx_HAL_Driver/Src/stm32f0xx_hal_uart.o
                0x0000000008003c38                UART_WaitOnFlagUntilTimeout
 .text.USB_EnableGlobalInt
                0x0000000008003d34       0x34 Drivers/STM32F0xx_HAL_Driver/Src/stm32f0xx_ll_usb.o
                0x0000000008003d34                USB_EnableGlobalInt
 .text.USB_DisableGlobalInt
                0x0000000008003d68       0x40 Drivers/STM32F0xx_HAL_Driver/Src/stm32f0xx_ll_usb.o
                0x0000000008003d68                USB_DisableGlobalInt
 .text.USB_DevInit
                0x0000000008003da8       0x60 Drivers/STM32F0xx_HAL_Driver/Src/stm32f0xx_ll_usb.o
                0x0000000008003da8                USB_DevInit
 .text._ZdlPvj  0x0000000008003e08        0x8 c:/st/stm32cubeide_1.2.0/stm32cubeide/plugins/com.st.stm32cube.ide.mcu.externaltools.gnu-tools-for-stm32.7-2018-q2-update.win32_1.0.0.201904181610/tools/bin/../lib/gcc/arm-none-eabi/7.3.1/../../../../arm-none-eabi/lib/thumb/v6-m\libstdc++_nano.a(del_ops.o)
                0x0000000008003e08                operator delete(void*, unsigned int)
 .text._ZdlPv   0x0000000008003e10        0x8 c:/st/stm32cubeide_1.2.0/stm32cubeide/plugins/com.st.stm32cube.ide.mcu.externaltools.gnu-tools-for-stm32.7-2018-q2-update.win32_1.0.0.201904181610/tools/bin/../lib/gcc/arm-none-eabi/7.3.1/../../../../arm-none-eabi/lib/thumb/v6-m\libstdc++_nano.a(del_op.o)
                0x0000000008003e10                operator delete(void*)
 .text.__errno  0x0000000008003e18        0xc c:/st/stm32cubeide_1.2.0/stm32cubeide/plugins/com.st.stm32cube.ide.mcu.externaltools.gnu-tools-for-stm32.7-2018-q2-update.win32_1.0.0.201904181610/tools/bin/../lib/gcc/arm-none-eabi/7.3.1/../../../../arm-none-eabi/lib/thumb/v6-m\libc_nano.a(lib_a-errno.o)
                0x0000000008003e18                __errno
 .text.__libc_init_array
                0x0000000008003e24       0x48 c:/st/stm32cubeide_1.2.0/stm32cubeide/plugins/com.st.stm32cube.ide.mcu.externaltools.gnu-tools-for-stm32.7-2018-q2-update.win32_1.0.0.201904181610/tools/bin/../lib/gcc/arm-none-eabi/7.3.1/../../../../arm-none-eabi/lib/thumb/v6-m\libc_nano.a(lib_a-init.o)
                0x0000000008003e24                __libc_init_array
 .text.malloc   0x0000000008003e6c       0x14 c:/st/stm32cubeide_1.2.0/stm32cubeide/plugins/com.st.stm32cube.ide.mcu.externaltools.gnu-tools-for-stm32.7-2018-q2-update.win32_1.0.0.201904181610/tools/bin/../lib/gcc/arm-none-eabi/7.3.1/../../../../arm-none-eabi/lib/thumb/v6-m\libc_nano.a(lib_a-malloc.o)
                0x0000000008003e6c                malloc
 .text.free     0x0000000008003e80       0x14 c:/st/stm32cubeide_1.2.0/stm32cubeide/plugins/com.st.stm32cube.ide.mcu.externaltools.gnu-tools-for-stm32.7-2018-q2-update.win32_1.0.0.201904181610/tools/bin/../lib/gcc/arm-none-eabi/7.3.1/../../../../arm-none-eabi/lib/thumb/v6-m\libc_nano.a(lib_a-malloc.o)
                0x0000000008003e80                free
 .text.memset   0x0000000008003e94       0x10 c:/st/stm32cubeide_1.2.0/stm32cubeide/plugins/com.st.stm32cube.ide.mcu.externaltools.gnu-tools-for-stm32.7-2018-q2-update.win32_1.0.0.201904181610/tools/bin/../lib/gcc/arm-none-eabi/7.3.1/../../../../arm-none-eabi/lib/thumb/v6-m\libc_nano.a(lib_a-memset.o)
                0x0000000008003e94                memset
 .text._free_r  0x0000000008003ea4       0x94 c:/st/stm32cubeide_1.2.0/stm32cubeide/plugins/com.st.stm32cube.ide.mcu.externaltools.gnu-tools-for-stm32.7-2018-q2-update.win32_1.0.0.201904181610/tools/bin/../lib/gcc/arm-none-eabi/7.3.1/../../../../arm-none-eabi/lib/thumb/v6-m\libc_nano.a(lib_a-nano-freer.o)
                0x0000000008003ea4                _free_r
 .text._malloc_r
                0x0000000008003f38       0xbc c:/st/stm32cubeide_1.2.0/stm32cubeide/plugins/com.st.stm32cube.ide.mcu.externaltools.gnu-tools-for-stm32.7-2018-q2-update.win32_1.0.0.201904181610/tools/bin/../lib/gcc/arm-none-eabi/7.3.1/../../../../arm-none-eabi/lib/thumb/v6-m\libc_nano.a(lib_a-nano-mallocr.o)
                0x0000000008003f38                _malloc_r
 .text.rand     0x0000000008003ff4       0x64 c:/st/stm32cubeide_1.2.0/stm32cubeide/plugins/com.st.stm32cube.ide.mcu.externaltools.gnu-tools-for-stm32.7-2018-q2-update.win32_1.0.0.201904181610/tools/bin/../lib/gcc/arm-none-eabi/7.3.1/../../../../arm-none-eabi/lib/thumb/v6-m\libc_nano.a(lib_a-rand.o)
                0x0000000008003ff4                rand
 .text._sbrk_r  0x0000000008004058       0x24 c:/st/stm32cubeide_1.2.0/stm32cubeide/plugins/com.st.stm32cube.ide.mcu.externaltools.gnu-tools-for-stm32.7-2018-q2-update.win32_1.0.0.201904181610/tools/bin/../lib/gcc/arm-none-eabi/7.3.1/../../../../arm-none-eabi/lib/thumb/v6-m\libc_nano.a(lib_a-sbrkr.o)
                0x0000000008004058                _sbrk_r
 .text.__malloc_lock
                0x000000000800407c        0x2 c:/st/stm32cubeide_1.2.0/stm32cubeide/plugins/com.st.stm32cube.ide.mcu.externaltools.gnu-tools-for-stm32.7-2018-q2-update.win32_1.0.0.201904181610/tools/bin/../lib/gcc/arm-none-eabi/7.3.1/../../../../arm-none-eabi/lib/thumb/v6-m\libc_nano.a(lib_a-mlock.o)
                0x000000000800407c                __malloc_lock
 .text.__malloc_unlock
                0x000000000800407e        0x2 c:/st/stm32cubeide_1.2.0/stm32cubeide/plugins/com.st.stm32cube.ide.mcu.externaltools.gnu-tools-for-stm32.7-2018-q2-update.win32_1.0.0.201904181610/tools/bin/../lib/gcc/arm-none-eabi/7.3.1/../../../../arm-none-eabi/lib/thumb/v6-m\libc_nano.a(lib_a-mlock.o)
                0x000000000800407e                __malloc_unlock
 *(.glue_7)
 .glue_7        0x0000000008004080        0x0 linker stubs
 *(.glue_7t)
 .glue_7t       0x0000000008004080        0x0 linker stubs
 *(.eh_frame)
 .eh_frame      0x0000000008004080        0x0 c:/st/stm32cubeide_1.2.0/stm32cubeide/plugins/com.st.stm32cube.ide.mcu.externaltools.gnu-tools-for-stm32.7-2018-q2-update.win32_1.0.0.201904181610/tools/bin/../lib/gcc/arm-none-eabi/7.3.1/thumb/v6-m/crtbegin.o
 *(.init)
 .init          0x0000000008004080        0x4 c:/st/stm32cubeide_1.2.0/stm32cubeide/plugins/com.st.stm32cube.ide.mcu.externaltools.gnu-tools-for-stm32.7-2018-q2-update.win32_1.0.0.201904181610/tools/bin/../lib/gcc/arm-none-eabi/7.3.1/thumb/v6-m/crti.o
                0x0000000008004080                _init
 .init          0x0000000008004084        0x8 c:/st/stm32cubeide_1.2.0/stm32cubeide/plugins/com.st.stm32cube.ide.mcu.externaltools.gnu-tools-for-stm32.7-2018-q2-update.win32_1.0.0.201904181610/tools/bin/../lib/gcc/arm-none-eabi/7.3.1/thumb/v6-m/crtn.o
 *(.fini)
 .fini          0x000000000800408c        0x4 c:/st/stm32cubeide_1.2.0/stm32cubeide/plugins/com.st.stm32cube.ide.mcu.externaltools.gnu-tools-for-stm32.7-2018-q2-update.win32_1.0.0.201904181610/tools/bin/../lib/gcc/arm-none-eabi/7.3.1/thumb/v6-m/crti.o
                0x000000000800408c                _fini
 .fini          0x0000000008004090        0x8 c:/st/stm32cubeide_1.2.0/stm32cubeide/plugins/com.st.stm32cube.ide.mcu.externaltools.gnu-tools-for-stm32.7-2018-q2-update.win32_1.0.0.201904181610/tools/bin/../lib/gcc/arm-none-eabi/7.3.1/thumb/v6-m/crtn.o
                0x0000000008004098                . = ALIGN (0x4)
                0x0000000008004098                _etext = .

.vfp11_veneer   0x0000000008004098        0x0
 .vfp11_veneer  0x0000000008004098        0x0 linker stubs

.v4_bx          0x0000000008004098        0x0
 .v4_bx         0x0000000008004098        0x0 linker stubs

.iplt           0x0000000008004098        0x0
 .iplt          0x0000000008004098        0x0 c:/st/stm32cubeide_1.2.0/stm32cubeide/plugins/com.st.stm32cube.ide.mcu.externaltools.gnu-tools-for-stm32.7-2018-q2-update.win32_1.0.0.201904181610/tools/bin/../lib/gcc/arm-none-eabi/7.3.1/thumb/v6-m/crtbegin.o

.rodata         0x0000000008004098       0x48
                0x0000000008004098                . = ALIGN (0x4)
 *(.rodata)
 .rodata        0x0000000008004098       0x20 Drivers/STM32F0xx_HAL_Driver/Src/stm32f0xx_hal_rcc.o
 *(.rodata*)
 .rodata._ZTV2CV
                0x00000000080040b8       0x10 Core/Src/CV.o
                0x00000000080040b8                vtable for CV
 .rodata.AHBPrescTable
                0x00000000080040c8       0x10 Core/Src/system_stm32f0xx.o
                0x00000000080040c8                AHBPrescTable
 .rodata.APBPrescTable
                0x00000000080040d8        0x8 Core/Src/system_stm32f0xx.o
                0x00000000080040d8                APBPrescTable
                0x00000000080040e0                . = ALIGN (0x4)

.rel.dyn        0x00000000080040e0        0x0
 .rel.iplt      0x00000000080040e0        0x0 c:/st/stm32cubeide_1.2.0/stm32cubeide/plugins/com.st.stm32cube.ide.mcu.externaltools.gnu-tools-for-stm32.7-2018-q2-update.win32_1.0.0.201904181610/tools/bin/../lib/gcc/arm-none-eabi/7.3.1/thumb/v6-m/crtbegin.o

.ARM.extab      0x00000000080040e0        0x0
                0x00000000080040e0                . = ALIGN (0x4)
 *(.ARM.extab* .gnu.linkonce.armextab.*)
                0x00000000080040e0                . = ALIGN (0x4)

.ARM            0x00000000080040e0        0x0
                0x00000000080040e0                . = ALIGN (0x4)
                0x00000000080040e0                __exidx_start = .
 *(.ARM.exidx*)
                0x00000000080040e0                __exidx_end = .
                0x00000000080040e0                . = ALIGN (0x4)

.preinit_array  0x00000000080040e0        0x0
                0x00000000080040e0                . = ALIGN (0x4)
                0x00000000080040e0                PROVIDE (__preinit_array_start = .)
 *(.preinit_array*)
                0x00000000080040e0                PROVIDE (__preinit_array_end = .)
                0x00000000080040e0                . = ALIGN (0x4)

.init_array     0x00000000080040e0        0x8
                0x00000000080040e0                . = ALIGN (0x4)
                0x00000000080040e0                PROVIDE (__init_array_start = .)
 *(SORT_BY_NAME(.init_array.*))
 *(.init_array*)
 .init_array    0x00000000080040e0        0x4 c:/st/stm32cubeide_1.2.0/stm32cubeide/plugins/com.st.stm32cube.ide.mcu.externaltools.gnu-tools-for-stm32.7-2018-q2-update.win32_1.0.0.201904181610/tools/bin/../lib/gcc/arm-none-eabi/7.3.1/thumb/v6-m/crtbegin.o
 .init_array    0x00000000080040e4        0x4 Core/Src/main.o
                0x00000000080040e8                PROVIDE (__init_array_end = .)
                0x00000000080040e8                . = ALIGN (0x4)

.fini_array     0x00000000080040e8        0x8
                0x00000000080040e8                . = ALIGN (0x4)
                [!provide]                        PROVIDE (__fini_array_start = .)
 *(SORT_BY_NAME(.fini_array.*))
 *(.fini_array*)
 .fini_array    0x00000000080040e8        0x4 c:/st/stm32cubeide_1.2.0/stm32cubeide/plugins/com.st.stm32cube.ide.mcu.externaltools.gnu-tools-for-stm32.7-2018-q2-update.win32_1.0.0.201904181610/tools/bin/../lib/gcc/arm-none-eabi/7.3.1/thumb/v6-m/crtbegin.o
 .fini_array    0x00000000080040ec        0x4 Core/Src/main.o
                [!provide]                        PROVIDE (__fini_array_end = .)
                0x00000000080040f0                . = ALIGN (0x4)
                0x00000000080040f0                _sidata = LOADADDR (.data)

.data           0x0000000020000000       0x70 load address 0x00000000080040f0
                0x0000000020000000                . = ALIGN (0x4)
                0x0000000020000000                _sdata = .
 *(.data)
 *(.data*)
 .data.SystemCoreClock
                0x0000000020000000        0x4 Core/Src/system_stm32f0xx.o
                0x0000000020000000                SystemCoreClock
 .data.uwTickPrio
                0x0000000020000004        0x4 Drivers/STM32F0xx_HAL_Driver/Src/stm32f0xx_hal.o
                0x0000000020000004                uwTickPrio
 .data.uwTickFreq
                0x0000000020000008        0x1 Drivers/STM32F0xx_HAL_Driver/Src/stm32f0xx_hal.o
                0x0000000020000008                uwTickFreq
 *fill*         0x0000000020000009        0x3 
 .data._impure_ptr
                0x000000002000000c        0x4 c:/st/stm32cubeide_1.2.0/stm32cubeide/plugins/com.st.stm32cube.ide.mcu.externaltools.gnu-tools-for-stm32.7-2018-q2-update.win32_1.0.0.201904181610/tools/bin/../lib/gcc/arm-none-eabi/7.3.1/../../../../arm-none-eabi/lib/thumb/v6-m\libc_nano.a(lib_a-impure.o)
                0x000000002000000c                _impure_ptr
 .data.impure_data
                0x0000000020000010       0x60 c:/st/stm32cubeide_1.2.0/stm32cubeide/plugins/com.st.stm32cube.ide.mcu.externaltools.gnu-tools-for-stm32.7-2018-q2-update.win32_1.0.0.201904181610/tools/bin/../lib/gcc/arm-none-eabi/7.3.1/../../../../arm-none-eabi/lib/thumb/v6-m\libc_nano.a(lib_a-impure.o)
                0x0000000020000070                . = ALIGN (0x4)
                0x0000000020000070                _edata = .

.igot.plt       0x0000000020000070        0x0 load address 0x0000000008004160
 .igot.plt      0x0000000020000070        0x0 c:/st/stm32cubeide_1.2.0/stm32cubeide/plugins/com.st.stm32cube.ide.mcu.externaltools.gnu-tools-for-stm32.7-2018-q2-update.win32_1.0.0.201904181610/tools/bin/../lib/gcc/arm-none-eabi/7.3.1/thumb/v6-m/crtbegin.o
                0x0000000020000070                . = ALIGN (0x4)

.bss            0x0000000020000070      0x3d8 load address 0x0000000008004160
                0x0000000020000070                _sbss = .
                0x0000000020000070                __bss_start__ = _sbss
 *(.bss)
 .bss           0x0000000020000070       0x1c c:/st/stm32cubeide_1.2.0/stm32cubeide/plugins/com.st.stm32cube.ide.mcu.externaltools.gnu-tools-for-stm32.7-2018-q2-update.win32_1.0.0.201904181610/tools/bin/../lib/gcc/arm-none-eabi/7.3.1/thumb/v6-m/crtbegin.o
 *(.bss*)
 .bss.i         0x000000002000008c        0x2 Core/Src/main.o
                0x000000002000008c                i
 .bss.note      0x000000002000008e        0x1 Core/Src/main.o
                0x000000002000008e                note
 *fill*         0x000000002000008f        0x1 
 .bss.hdac      0x0000000020000090       0x14 Core/Src/main.o
                0x0000000020000090                hdac
 .bss.htim2     0x00000000200000a4       0x40 Core/Src/main.o
                0x00000000200000a4                htim2
 .bss.htsc      0x00000000200000e4       0x44 Core/Src/main.o
                0x00000000200000e4                htsc
 .bss.huart3    0x0000000020000128       0x80 Core/Src/main.o
                0x0000000020000128                huart3
 .bss.hpcd_USB_FS
                0x00000000200001a8      0x274 Core/Src/main.o
                0x00000000200001a8                hpcd_USB_FS
 .bss.pitch     0x000000002000041c       0x18 Core/Src/main.o
                0x000000002000041c                pitch
 .bss.heap_end.5149
                0x0000000020000434        0x4 Core/Src/sysmem.o
 .bss.__malloc_free_list
                0x0000000020000438        0x4 c:/st/stm32cubeide_1.2.0/stm32cubeide/plugins/com.st.stm32cube.ide.mcu.externaltools.gnu-tools-for-stm32.7-2018-q2-update.win32_1.0.0.201904181610/tools/bin/../lib/gcc/arm-none-eabi/7.3.1/../../../../arm-none-eabi/lib/thumb/v6-m\libc_nano.a(lib_a-nano-mallocr.o)
                0x0000000020000438                __malloc_free_list
 .bss.__malloc_sbrk_start
                0x000000002000043c        0x4 c:/st/stm32cubeide_1.2.0/stm32cubeide/plugins/com.st.stm32cube.ide.mcu.externaltools.gnu-tools-for-stm32.7-2018-q2-update.win32_1.0.0.201904181610/tools/bin/../lib/gcc/arm-none-eabi/7.3.1/../../../../arm-none-eabi/lib/thumb/v6-m\libc_nano.a(lib_a-nano-mallocr.o)
                0x000000002000043c                __malloc_sbrk_start
 *(COMMON)
 COMMON         0x0000000020000440        0x4 Drivers/STM32F0xx_HAL_Driver/Src/stm32f0xx_hal.o
                0x0000000020000440                uwTick
 COMMON         0x0000000020000444        0x4 c:/st/stm32cubeide_1.2.0/stm32cubeide/plugins/com.st.stm32cube.ide.mcu.externaltools.gnu-tools-for-stm32.7-2018-q2-update.win32_1.0.0.201904181610/tools/bin/../lib/gcc/arm-none-eabi/7.3.1/../../../../arm-none-eabi/lib/thumb/v6-m\libc_nano.a(lib_a-reent.o)
                0x0000000020000444                errno
                0x0000000020000448                . = ALIGN (0x4)
                0x0000000020000448                _ebss = .
                0x0000000020000448                __bss_end__ = _ebss

._user_heap_stack
                0x0000000020000448      0x600 load address 0x0000000008004160
                0x0000000020000448                . = ALIGN (0x8)
                0x0000000020000448                PROVIDE (end = .)
                [!provide]                        PROVIDE (_end = .)
                0x0000000020000648                . = (. + _Min_Heap_Size)
 *fill*         0x0000000020000448      0x200 
                0x0000000020000a48                . = (. + _Min_Stack_Size)
 *fill*         0x0000000020000648      0x400 
                0x0000000020000a48                . = ALIGN (0x8)

/DISCARD/
 libc.a(*)
 libm.a(*)
 libgcc.a(*)

.ARM.attributes
                0x0000000000000000       0x28
 *(.ARM.attributes)
 .ARM.attributes
                0x0000000000000000       0x1e c:/st/stm32cubeide_1.2.0/stm32cubeide/plugins/com.st.stm32cube.ide.mcu.externaltools.gnu-tools-for-stm32.7-2018-q2-update.win32_1.0.0.201904181610/tools/bin/../lib/gcc/arm-none-eabi/7.3.1/thumb/v6-m/crti.o
 .ARM.attributes
                0x000000000000001e       0x2c c:/st/stm32cubeide_1.2.0/stm32cubeide/plugins/com.st.stm32cube.ide.mcu.externaltools.gnu-tools-for-stm32.7-2018-q2-update.win32_1.0.0.201904181610/tools/bin/../lib/gcc/arm-none-eabi/7.3.1/thumb/v6-m/crtbegin.o
 .ARM.attributes
                0x000000000000004a       0x31 Core/Src/CV.o
 .ARM.attributes
                0x000000000000007b       0x31 Core/Src/main.o
 .ARM.attributes
                0x00000000000000ac       0x31 Core/Src/stm32f0xx_hal_msp.o
 .ARM.attributes
                0x00000000000000dd       0x31 Core/Src/stm32f0xx_it.o
 .ARM.attributes
                0x000000000000010e       0x31 Core/Src/sysmem.o
 .ARM.attributes
                0x000000000000013f       0x31 Core/Src/system_stm32f0xx.o
 .ARM.attributes
                0x0000000000000170       0x21 Core/Startup/startup_stm32f072rbtx.o
 .ARM.attributes
                0x0000000000000191       0x31 Drivers/STM32F0xx_HAL_Driver/Src/stm32f0xx_hal.o
 .ARM.attributes
                0x00000000000001c2       0x31 Drivers/STM32F0xx_HAL_Driver/Src/stm32f0xx_hal_cortex.o
 .ARM.attributes
                0x00000000000001f3       0x31 Drivers/STM32F0xx_HAL_Driver/Src/stm32f0xx_hal_dac.o
 .ARM.attributes
                0x0000000000000224       0x31 Drivers/STM32F0xx_HAL_Driver/Src/stm32f0xx_hal_dac_ex.o
 .ARM.attributes
                0x0000000000000255       0x31 Drivers/STM32F0xx_HAL_Driver/Src/stm32f0xx_hal_gpio.o
 .ARM.attributes
                0x0000000000000286       0x31 Drivers/STM32F0xx_HAL_Driver/Src/stm32f0xx_hal_pcd.o
 .ARM.attributes
                0x00000000000002b7       0x31 Drivers/STM32F0xx_HAL_Driver/Src/stm32f0xx_hal_pcd_ex.o
 .ARM.attributes
                0x00000000000002e8       0x31 Drivers/STM32F0xx_HAL_Driver/Src/stm32f0xx_hal_rcc.o
 .ARM.attributes
                0x0000000000000319       0x31 Drivers/STM32F0xx_HAL_Driver/Src/stm32f0xx_hal_rcc_ex.o
 .ARM.attributes
                0x000000000000034a       0x31 Drivers/STM32F0xx_HAL_Driver/Src/stm32f0xx_hal_tim.o
 .ARM.attributes
                0x000000000000037b       0x31 Drivers/STM32F0xx_HAL_Driver/Src/stm32f0xx_hal_tim_ex.o
 .ARM.attributes
                0x00000000000003ac       0x31 Drivers/STM32F0xx_HAL_Driver/Src/stm32f0xx_hal_tsc.o
 .ARM.attributes
                0x00000000000003dd       0x31 Drivers/STM32F0xx_HAL_Driver/Src/stm32f0xx_hal_uart.o
 .ARM.attributes
                0x000000000000040e       0x31 Drivers/STM32F0xx_HAL_Driver/Src/stm32f0xx_ll_usb.o
 .ARM.attributes
                0x000000000000043f       0x2c c:/st/stm32cubeide_1.2.0/stm32cubeide/plugins/com.st.stm32cube.ide.mcu.externaltools.gnu-tools-for-stm32.7-2018-q2-update.win32_1.0.0.201904181610/tools/bin/../lib/gcc/arm-none-eabi/7.3.1/../../../../arm-none-eabi/lib/thumb/v6-m\libstdc++_nano.a(del_ops.o)
 .ARM.attributes
                0x000000000000046b       0x2c c:/st/stm32cubeide_1.2.0/stm32cubeide/plugins/com.st.stm32cube.ide.mcu.externaltools.gnu-tools-for-stm32.7-2018-q2-update.win32_1.0.0.201904181610/tools/bin/../lib/gcc/arm-none-eabi/7.3.1/../../../../arm-none-eabi/lib/thumb/v6-m\libstdc++_nano.a(del_op.o)
 .ARM.attributes
                0x0000000000000497       0x2c c:/st/stm32cubeide_1.2.0/stm32cubeide/plugins/com.st.stm32cube.ide.mcu.externaltools.gnu-tools-for-stm32.7-2018-q2-update.win32_1.0.0.201904181610/tools/bin/../lib/gcc/arm-none-eabi/7.3.1/../../../../arm-none-eabi/lib/thumb/v6-m\libc_nano.a(lib_a-errno.o)
 .ARM.attributes
                0x00000000000004c3       0x2c c:/st/stm32cubeide_1.2.0/stm32cubeide/plugins/com.st.stm32cube.ide.mcu.externaltools.gnu-tools-for-stm32.7-2018-q2-update.win32_1.0.0.201904181610/tools/bin/../lib/gcc/arm-none-eabi/7.3.1/../../../../arm-none-eabi/lib/thumb/v6-m\libc_nano.a(lib_a-impure.o)
 .ARM.attributes
                0x00000000000004ef       0x2c c:/st/stm32cubeide_1.2.0/stm32cubeide/plugins/com.st.stm32cube.ide.mcu.externaltools.gnu-tools-for-stm32.7-2018-q2-update.win32_1.0.0.201904181610/tools/bin/../lib/gcc/arm-none-eabi/7.3.1/../../../../arm-none-eabi/lib/thumb/v6-m\libc_nano.a(lib_a-init.o)
 .ARM.attributes
                0x000000000000051b       0x2c c:/st/stm32cubeide_1.2.0/stm32cubeide/plugins/com.st.stm32cube.ide.mcu.externaltools.gnu-tools-for-stm32.7-2018-q2-update.win32_1.0.0.201904181610/tools/bin/../lib/gcc/arm-none-eabi/7.3.1/../../../../arm-none-eabi/lib/thumb/v6-m\libc_nano.a(lib_a-malloc.o)
 .ARM.attributes
                0x0000000000000547       0x2c c:/st/stm32cubeide_1.2.0/stm32cubeide/plugins/com.st.stm32cube.ide.mcu.externaltools.gnu-tools-for-stm32.7-2018-q2-update.win32_1.0.0.201904181610/tools/bin/../lib/gcc/arm-none-eabi/7.3.1/../../../../arm-none-eabi/lib/thumb/v6-m\libc_nano.a(lib_a-memset.o)
 .ARM.attributes
                0x0000000000000573       0x2c c:/st/stm32cubeide_1.2.0/stm32cubeide/plugins/com.st.stm32cube.ide.mcu.externaltools.gnu-tools-for-stm32.7-2018-q2-update.win32_1.0.0.201904181610/tools/bin/../lib/gcc/arm-none-eabi/7.3.1/../../../../arm-none-eabi/lib/thumb/v6-m\libc_nano.a(lib_a-nano-freer.o)
 .ARM.attributes
                0x000000000000059f       0x2c c:/st/stm32cubeide_1.2.0/stm32cubeide/plugins/com.st.stm32cube.ide.mcu.externaltools.gnu-tools-for-stm32.7-2018-q2-update.win32_1.0.0.201904181610/tools/bin/../lib/gcc/arm-none-eabi/7.3.1/../../../../arm-none-eabi/lib/thumb/v6-m\libc_nano.a(lib_a-nano-mallocr.o)
 .ARM.attributes
                0x00000000000005cb       0x2c c:/st/stm32cubeide_1.2.0/stm32cubeide/plugins/com.st.stm32cube.ide.mcu.externaltools.gnu-tools-for-stm32.7-2018-q2-update.win32_1.0.0.201904181610/tools/bin/../lib/gcc/arm-none-eabi/7.3.1/../../../../arm-none-eabi/lib/thumb/v6-m\libc_nano.a(lib_a-rand.o)
 .ARM.attributes
                0x00000000000005f7       0x2c c:/st/stm32cubeide_1.2.0/stm32cubeide/plugins/com.st.stm32cube.ide.mcu.externaltools.gnu-tools-for-stm32.7-2018-q2-update.win32_1.0.0.201904181610/tools/bin/../lib/gcc/arm-none-eabi/7.3.1/../../../../arm-none-eabi/lib/thumb/v6-m\libc_nano.a(lib_a-sbrkr.o)
 .ARM.attributes
                0x0000000000000623       0x2c c:/st/stm32cubeide_1.2.0/stm32cubeide/plugins/com.st.stm32cube.ide.mcu.externaltools.gnu-tools-for-stm32.7-2018-q2-update.win32_1.0.0.201904181610/tools/bin/../lib/gcc/arm-none-eabi/7.3.1/../../../../arm-none-eabi/lib/thumb/v6-m\libc_nano.a(lib_a-mlock.o)
 .ARM.attributes
                0x000000000000064f       0x2c c:/st/stm32cubeide_1.2.0/stm32cubeide/plugins/com.st.stm32cube.ide.mcu.externaltools.gnu-tools-for-stm32.7-2018-q2-update.win32_1.0.0.201904181610/tools/bin/../lib/gcc/arm-none-eabi/7.3.1/../../../../arm-none-eabi/lib/thumb/v6-m\libc_nano.a(lib_a-reent.o)
 .ARM.attributes
                0x000000000000067b       0x1e c:/st/stm32cubeide_1.2.0/stm32cubeide/plugins/com.st.stm32cube.ide.mcu.externaltools.gnu-tools-for-stm32.7-2018-q2-update.win32_1.0.0.201904181610/tools/bin/../lib/gcc/arm-none-eabi/7.3.1/thumb/v6-m\libgcc.a(_udivsi3.o)
 .ARM.attributes
                0x0000000000000699       0x1e c:/st/stm32cubeide_1.2.0/stm32cubeide/plugins/com.st.stm32cube.ide.mcu.externaltools.gnu-tools-for-stm32.7-2018-q2-update.win32_1.0.0.201904181610/tools/bin/../lib/gcc/arm-none-eabi/7.3.1/thumb/v6-m\libgcc.a(_divsi3.o)
 .ARM.attributes
                0x00000000000006b7       0x1e c:/st/stm32cubeide_1.2.0/stm32cubeide/plugins/com.st.stm32cube.ide.mcu.externaltools.gnu-tools-for-stm32.7-2018-q2-update.win32_1.0.0.201904181610/tools/bin/../lib/gcc/arm-none-eabi/7.3.1/thumb/v6-m\libgcc.a(_dvmd_tls.o)
 .ARM.attributes
                0x00000000000006d5       0x2c c:/st/stm32cubeide_1.2.0/stm32cubeide/plugins/com.st.stm32cube.ide.mcu.externaltools.gnu-tools-for-stm32.7-2018-q2-update.win32_1.0.0.201904181610/tools/bin/../lib/gcc/arm-none-eabi/7.3.1/thumb/v6-m\libgcc.a(_muldi3.o)
 .ARM.attributes
                0x0000000000000701       0x1e c:/st/stm32cubeide_1.2.0/stm32cubeide/plugins/com.st.stm32cube.ide.mcu.externaltools.gnu-tools-for-stm32.7-2018-q2-update.win32_1.0.0.201904181610/tools/bin/../lib/gcc/arm-none-eabi/7.3.1/thumb/v6-m/crtn.o
OUTPUT(CV_Class.elf elf32-littlearm)

.debug_info     0x0000000000000000    0x1005c
 .debug_info    0x0000000000000000      0x775 Core/Src/CV.o
 .debug_info    0x0000000000000775     0x1962 Core/Src/main.o
 .debug_info    0x00000000000020d7     0x16f0 Core/Src/stm32f0xx_hal_msp.o
 .debug_info    0x00000000000037c7      0x73f Core/Src/stm32f0xx_it.o
 .debug_info    0x0000000000003f06      0x91c Core/Src/sysmem.o
 .debug_info    0x0000000000004822      0x29e Core/Src/system_stm32f0xx.o
 .debug_info    0x0000000000004ac0       0x22 Core/Startup/startup_stm32f072rbtx.o
 .debug_info    0x0000000000004ae2      0x6c0 Drivers/STM32F0xx_HAL_Driver/Src/stm32f0xx_hal.o
 .debug_info    0x00000000000051a2      0x78c Drivers/STM32F0xx_HAL_Driver/Src/stm32f0xx_hal_cortex.o
 .debug_info    0x000000000000592e      0x8ed Drivers/STM32F0xx_HAL_Driver/Src/stm32f0xx_hal_dac.o
 .debug_info    0x000000000000621b      0x9b6 Drivers/STM32F0xx_HAL_Driver/Src/stm32f0xx_hal_dac_ex.o
 .debug_info    0x0000000000006bd1      0x67a Drivers/STM32F0xx_HAL_Driver/Src/stm32f0xx_hal_gpio.o
 .debug_info    0x000000000000724b      0xe67 Drivers/STM32F0xx_HAL_Driver/Src/stm32f0xx_hal_pcd.o
 .debug_info    0x00000000000080b2      0x880 Drivers/STM32F0xx_HAL_Driver/Src/stm32f0xx_hal_pcd_ex.o
 .debug_info    0x0000000000008932      0x82d Drivers/STM32F0xx_HAL_Driver/Src/stm32f0xx_hal_rcc.o
 .debug_info    0x000000000000915f      0x677 Drivers/STM32F0xx_HAL_Driver/Src/stm32f0xx_hal_rcc_ex.o
 .debug_info    0x00000000000097d6     0x252c Drivers/STM32F0xx_HAL_Driver/Src/stm32f0xx_hal_tim.o
 .debug_info    0x000000000000bd02     0x10f0 Drivers/STM32F0xx_HAL_Driver/Src/stm32f0xx_hal_tim_ex.o
 .debug_info    0x000000000000cdf2      0x7eb Drivers/STM32F0xx_HAL_Driver/Src/stm32f0xx_hal_tsc.o
 .debug_info    0x000000000000d5dd     0x1577 Drivers/STM32F0xx_HAL_Driver/Src/stm32f0xx_hal_uart.o
 .debug_info    0x000000000000eb54     0x1508 Drivers/STM32F0xx_HAL_Driver/Src/stm32f0xx_ll_usb.o

.debug_abbrev   0x0000000000000000     0x27cb
 .debug_abbrev  0x0000000000000000      0x1f2 Core/Src/CV.o
 .debug_abbrev  0x00000000000001f2      0x2c4 Core/Src/main.o
 .debug_abbrev  0x00000000000004b6      0x236 Core/Src/stm32f0xx_hal_msp.o
 .debug_abbrev  0x00000000000006ec      0x1b5 Core/Src/stm32f0xx_it.o
 .debug_abbrev  0x00000000000008a1      0x1bb Core/Src/sysmem.o
 .debug_abbrev  0x0000000000000a5c      0x12b Core/Src/system_stm32f0xx.o
 .debug_abbrev  0x0000000000000b87       0x12 Core/Startup/startup_stm32f072rbtx.o
 .debug_abbrev  0x0000000000000b99      0x1c7 Drivers/STM32F0xx_HAL_Driver/Src/stm32f0xx_hal.o
 .debug_abbrev  0x0000000000000d60      0x273 Drivers/STM32F0xx_HAL_Driver/Src/stm32f0xx_hal_cortex.o
 .debug_abbrev  0x0000000000000fd3      0x1b2 Drivers/STM32F0xx_HAL_Driver/Src/stm32f0xx_hal_dac.o
 .debug_abbrev  0x0000000000001185      0x204 Drivers/STM32F0xx_HAL_Driver/Src/stm32f0xx_hal_dac_ex.o
 .debug_abbrev  0x0000000000001389      0x1c0 Drivers/STM32F0xx_HAL_Driver/Src/stm32f0xx_hal_gpio.o
 .debug_abbrev  0x0000000000001549      0x27d Drivers/STM32F0xx_HAL_Driver/Src/stm32f0xx_hal_pcd.o
 .debug_abbrev  0x00000000000017c6      0x1eb Drivers/STM32F0xx_HAL_Driver/Src/stm32f0xx_hal_pcd_ex.o
 .debug_abbrev  0x00000000000019b1      0x20f Drivers/STM32F0xx_HAL_Driver/Src/stm32f0xx_hal_rcc.o
 .debug_abbrev  0x0000000000001bc0      0x1a7 Drivers/STM32F0xx_HAL_Driver/Src/stm32f0xx_hal_rcc_ex.o
 .debug_abbrev  0x0000000000001d67      0x230 Drivers/STM32F0xx_HAL_Driver/Src/stm32f0xx_hal_tim.o
 .debug_abbrev  0x0000000000001f97      0x21e Drivers/STM32F0xx_HAL_Driver/Src/stm32f0xx_hal_tim_ex.o
 .debug_abbrev  0x00000000000021b5      0x1d8 Drivers/STM32F0xx_HAL_Driver/Src/stm32f0xx_hal_tsc.o
 .debug_abbrev  0x000000000000238d      0x205 Drivers/STM32F0xx_HAL_Driver/Src/stm32f0xx_hal_uart.o
 .debug_abbrev  0x0000000000002592      0x239 Drivers/STM32F0xx_HAL_Driver/Src/stm32f0xx_ll_usb.o

.debug_aranges  0x0000000000000000     0x10e8
 .debug_aranges
                0x0000000000000000       0xb0 Core/Src/CV.o
 .debug_aranges
                0x00000000000000b0       0x90 Core/Src/main.o
 .debug_aranges
                0x0000000000000140       0x78 Core/Src/stm32f0xx_hal_msp.o
 .debug_aranges
                0x00000000000001b8       0x48 Core/Src/stm32f0xx_it.o
 .debug_aranges
                0x0000000000000200       0x20 Core/Src/sysmem.o
 .debug_aranges
                0x0000000000000220       0x28 Core/Src/system_stm32f0xx.o
 .debug_aranges
                0x0000000000000248       0x28 Core/Startup/startup_stm32f072rbtx.o
 .debug_aranges
                0x0000000000000270       0xd0 Drivers/STM32F0xx_HAL_Driver/Src/stm32f0xx_hal.o
 .debug_aranges
                0x0000000000000340       0xc0 Drivers/STM32F0xx_HAL_Driver/Src/stm32f0xx_hal_cortex.o
 .debug_aranges
                0x0000000000000400       0xa8 Drivers/STM32F0xx_HAL_Driver/Src/stm32f0xx_hal_dac.o
 .debug_aranges
                0x00000000000004a8       0xb0 Drivers/STM32F0xx_HAL_Driver/Src/stm32f0xx_hal_dac_ex.o
 .debug_aranges
                0x0000000000000558       0x58 Drivers/STM32F0xx_HAL_Driver/Src/stm32f0xx_hal_gpio.o
 .debug_aranges
                0x00000000000005b0      0x120 Drivers/STM32F0xx_HAL_Driver/Src/stm32f0xx_hal_pcd.o
 .debug_aranges
                0x00000000000006d0       0x58 Drivers/STM32F0xx_HAL_Driver/Src/stm32f0xx_hal_pcd_ex.o
 .debug_aranges
                0x0000000000000728       0x80 Drivers/STM32F0xx_HAL_Driver/Src/stm32f0xx_hal_rcc.o
 .debug_aranges
                0x00000000000007a8       0x78 Drivers/STM32F0xx_HAL_Driver/Src/stm32f0xx_hal_rcc_ex.o
 .debug_aranges
                0x0000000000000820      0x3b8 Drivers/STM32F0xx_HAL_Driver/Src/stm32f0xx_hal_tim.o
 .debug_aranges
                0x0000000000000bd8      0x150 Drivers/STM32F0xx_HAL_Driver/Src/stm32f0xx_hal_tim_ex.o
 .debug_aranges
                0x0000000000000d28       0xa8 Drivers/STM32F0xx_HAL_Driver/Src/stm32f0xx_hal_tsc.o
 .debug_aranges
                0x0000000000000dd0      0x210 Drivers/STM32F0xx_HAL_Driver/Src/stm32f0xx_hal_uart.o
 .debug_aranges
                0x0000000000000fe0      0x108 Drivers/STM32F0xx_HAL_Driver/Src/stm32f0xx_ll_usb.o

.debug_ranges   0x0000000000000000      0xfa0
 .debug_ranges  0x0000000000000000       0xa0 Core/Src/CV.o
 .debug_ranges  0x00000000000000a0       0x80 Core/Src/main.o
 .debug_ranges  0x0000000000000120       0x68 Core/Src/stm32f0xx_hal_msp.o
 .debug_ranges  0x0000000000000188       0x38 Core/Src/stm32f0xx_it.o
 .debug_ranges  0x00000000000001c0       0x10 Core/Src/sysmem.o
 .debug_ranges  0x00000000000001d0       0x18 Core/Src/system_stm32f0xx.o
 .debug_ranges  0x00000000000001e8       0x20 Core/Startup/startup_stm32f072rbtx.o
 .debug_ranges  0x0000000000000208       0xc0 Drivers/STM32F0xx_HAL_Driver/Src/stm32f0xx_hal.o
 .debug_ranges  0x00000000000002c8       0xb0 Drivers/STM32F0xx_HAL_Driver/Src/stm32f0xx_hal_cortex.o
 .debug_ranges  0x0000000000000378       0x98 Drivers/STM32F0xx_HAL_Driver/Src/stm32f0xx_hal_dac.o
 .debug_ranges  0x0000000000000410       0xa0 Drivers/STM32F0xx_HAL_Driver/Src/stm32f0xx_hal_dac_ex.o
 .debug_ranges  0x00000000000004b0       0x48 Drivers/STM32F0xx_HAL_Driver/Src/stm32f0xx_hal_gpio.o
 .debug_ranges  0x00000000000004f8      0x110 Drivers/STM32F0xx_HAL_Driver/Src/stm32f0xx_hal_pcd.o
 .debug_ranges  0x0000000000000608       0x48 Drivers/STM32F0xx_HAL_Driver/Src/stm32f0xx_hal_pcd_ex.o
 .debug_ranges  0x0000000000000650       0x70 Drivers/STM32F0xx_HAL_Driver/Src/stm32f0xx_hal_rcc.o
 .debug_ranges  0x00000000000006c0       0x68 Drivers/STM32F0xx_HAL_Driver/Src/stm32f0xx_hal_rcc_ex.o
 .debug_ranges  0x0000000000000728      0x3a8 Drivers/STM32F0xx_HAL_Driver/Src/stm32f0xx_hal_tim.o
 .debug_ranges  0x0000000000000ad0      0x140 Drivers/STM32F0xx_HAL_Driver/Src/stm32f0xx_hal_tim_ex.o
 .debug_ranges  0x0000000000000c10       0x98 Drivers/STM32F0xx_HAL_Driver/Src/stm32f0xx_hal_tsc.o
 .debug_ranges  0x0000000000000ca8      0x200 Drivers/STM32F0xx_HAL_Driver/Src/stm32f0xx_hal_uart.o
 .debug_ranges  0x0000000000000ea8       0xf8 Drivers/STM32F0xx_HAL_Driver/Src/stm32f0xx_ll_usb.o

.debug_macro    0x0000000000000000    0x18507
 .debug_macro   0x0000000000000000       0x72 Core/Src/CV.o
 .debug_macro   0x0000000000000072      0xb1a Core/Src/CV.o
 .debug_macro   0x0000000000000b8c       0x1c Core/Src/CV.o
 .debug_macro   0x0000000000000ba8       0x22 Core/Src/CV.o
 .debug_macro   0x0000000000000bca       0x8e Core/Src/CV.o
 .debug_macro   0x0000000000000c58       0x51 Core/Src/CV.o
 .debug_macro   0x0000000000000ca9       0xef Core/Src/CV.o
 .debug_macro   0x0000000000000d98       0x6a Core/Src/CV.o
 .debug_macro   0x0000000000000e02      0x1df Core/Src/CV.o
 .debug_macro   0x0000000000000fe1      0x219 Core/Src/main.o
 .debug_macro   0x00000000000011fa      0x145 Core/Src/main.o
 .debug_macro   0x000000000000133f       0x2e Core/Src/main.o
 .debug_macro   0x000000000000136d       0x22 Core/Src/main.o
 .debug_macro   0x000000000000138f       0x1c Core/Src/main.o
 .debug_macro   0x00000000000013ab       0x22 Core/Src/main.o
 .debug_macro   0x00000000000013cd       0xb5 Core/Src/main.o
 .debug_macro   0x0000000000001482      0x391 Core/Src/main.o
 .debug_macro   0x0000000000001813     0xfe50 Core/Src/main.o
 .debug_macro   0x0000000000011663       0x3c Core/Src/main.o
 .debug_macro   0x000000000001169f      0x17b Core/Src/main.o
 .debug_macro   0x000000000001181a       0x53 Core/Src/main.o
 .debug_macro   0x000000000001186d      0x946 Core/Src/main.o
 .debug_macro   0x00000000000121b3      0x5f3 Core/Src/main.o
 .debug_macro   0x00000000000127a6      0x12f Core/Src/main.o
 .debug_macro   0x00000000000128d5      0x1a7 Core/Src/main.o
 .debug_macro   0x0000000000012a7c      0x1a7 Core/Src/main.o
 .debug_macro   0x0000000000012c23      0x22c Core/Src/main.o
 .debug_macro   0x0000000000012e4f       0x34 Core/Src/main.o
 .debug_macro   0x0000000000012e83       0x43 Core/Src/main.o
 .debug_macro   0x0000000000012ec6       0x28 Core/Src/main.o
 .debug_macro   0x0000000000012eee       0xd5 Core/Src/main.o
 .debug_macro   0x0000000000012fc3       0xed Core/Src/main.o
 .debug_macro   0x00000000000130b0       0xb0 Core/Src/main.o
 .debug_macro   0x0000000000013160      0x217 Core/Src/main.o
 .debug_macro   0x0000000000013377      0x22c Core/Src/main.o
 .debug_macro   0x00000000000135a3       0x5f Core/Src/main.o
 .debug_macro   0x0000000000013602       0xa5 Core/Src/main.o
 .debug_macro   0x00000000000136a7       0x65 Core/Src/main.o
 .debug_macro   0x000000000001370c      0x234 Core/Src/main.o
 .debug_macro   0x0000000000013940       0x4c Core/Src/main.o
 .debug_macro   0x000000000001398c      0x16d Core/Src/main.o
 .debug_macro   0x0000000000013af9      0x8ae Core/Src/main.o
 .debug_macro   0x00000000000143a7       0x28 Core/Src/main.o
 .debug_macro   0x00000000000143cf      0x3d0 Core/Src/main.o
 .debug_macro   0x000000000001479f      0x589 Core/Src/main.o
 .debug_macro   0x0000000000014d28       0x44 Core/Src/main.o
 .debug_macro   0x0000000000014d6c      0x130 Core/Src/main.o
 .debug_macro   0x0000000000014e9c       0xa0 Core/Src/main.o
 .debug_macro   0x0000000000014f3c      0x20a Core/Src/stm32f0xx_hal_msp.o
 .debug_macro   0x0000000000015146      0xa48 Core/Src/stm32f0xx_hal_msp.o
 .debug_macro   0x0000000000015b8e      0x391 Core/Src/stm32f0xx_hal_msp.o
 .debug_macro   0x0000000000015f1f      0x174 Core/Src/stm32f0xx_hal_msp.o
 .debug_macro   0x0000000000016093      0x214 Core/Src/stm32f0xx_it.o
 .debug_macro   0x00000000000162a7      0x1ae Core/Src/sysmem.o
 .debug_macro   0x0000000000016455      0x23b Core/Src/sysmem.o
 .debug_macro   0x0000000000016690       0x16 Core/Src/sysmem.o
 .debug_macro   0x00000000000166a6      0x1fb Core/Src/system_stm32f0xx.o
 .debug_macro   0x00000000000168a1      0x21f Drivers/STM32F0xx_HAL_Driver/Src/stm32f0xx_hal.o
 .debug_macro   0x0000000000016ac0      0x1fb Drivers/STM32F0xx_HAL_Driver/Src/stm32f0xx_hal_cortex.o
 .debug_macro   0x0000000000016cbb      0x1fc Drivers/STM32F0xx_HAL_Driver/Src/stm32f0xx_hal_dac.o
 .debug_macro   0x0000000000016eb7      0x1fb Drivers/STM32F0xx_HAL_Driver/Src/stm32f0xx_hal_dac_ex.o
 .debug_macro   0x00000000000170b2      0x233 Drivers/STM32F0xx_HAL_Driver/Src/stm32f0xx_hal_gpio.o
 .debug_macro   0x00000000000172e5      0x207 Drivers/STM32F0xx_HAL_Driver/Src/stm32f0xx_hal_pcd.o
 .debug_macro   0x00000000000174ec      0x1fb Drivers/STM32F0xx_HAL_Driver/Src/stm32f0xx_hal_pcd_ex.o
 .debug_macro   0x00000000000176e7      0x20d Drivers/STM32F0xx_HAL_Driver/Src/stm32f0xx_hal_rcc.o
 .debug_macro   0x00000000000178f4      0x20d Drivers/STM32F0xx_HAL_Driver/Src/stm32f0xx_hal_rcc_ex.o
 .debug_macro   0x0000000000017b01      0x1fc Drivers/STM32F0xx_HAL_Driver/Src/stm32f0xx_hal_tim.o
 .debug_macro   0x0000000000017cfd      0x1fb Drivers/STM32F0xx_HAL_Driver/Src/stm32f0xx_hal_tim_ex.o
 .debug_macro   0x0000000000017ef8      0x1fc Drivers/STM32F0xx_HAL_Driver/Src/stm32f0xx_hal_tsc.o
 .debug_macro   0x00000000000180f4      0x218 Drivers/STM32F0xx_HAL_Driver/Src/stm32f0xx_hal_uart.o
 .debug_macro   0x000000000001830c      0x1fb Drivers/STM32F0xx_HAL_Driver/Src/stm32f0xx_ll_usb.o

.debug_line     0x0000000000000000     0xcebe
 .debug_line    0x0000000000000000      0x4f2 Core/Src/CV.o
 .debug_line    0x00000000000004f2      0x8bf Core/Src/main.o
 .debug_line    0x0000000000000db1      0x837 Core/Src/stm32f0xx_hal_msp.o
 .debug_line    0x00000000000015e8      0x79a Core/Src/stm32f0xx_it.o
 .debug_line    0x0000000000001d82      0x55e Core/Src/sysmem.o
 .debug_line    0x00000000000022e0      0x74e Core/Src/system_stm32f0xx.o
 .debug_line    0x0000000000002a2e       0x89 Core/Startup/startup_stm32f072rbtx.o
 .debug_line    0x0000000000002ab7      0x8e1 Drivers/STM32F0xx_HAL_Driver/Src/stm32f0xx_hal.o
 .debug_line    0x0000000000003398      0x8f9 Drivers/STM32F0xx_HAL_Driver/Src/stm32f0xx_hal_cortex.o
 .debug_line    0x0000000000003c91      0x891 Drivers/STM32F0xx_HAL_Driver/Src/stm32f0xx_hal_dac.o
 .debug_line    0x0000000000004522      0x989 Drivers/STM32F0xx_HAL_Driver/Src/stm32f0xx_hal_dac_ex.o
 .debug_line    0x0000000000004eab      0x8bb Drivers/STM32F0xx_HAL_Driver/Src/stm32f0xx_hal_gpio.o
 .debug_line    0x0000000000005766      0xbd7 Drivers/STM32F0xx_HAL_Driver/Src/stm32f0xx_hal_pcd.o
 .debug_line    0x000000000000633d      0x7f2 Drivers/STM32F0xx_HAL_Driver/Src/stm32f0xx_hal_pcd_ex.o
 .debug_line    0x0000000000006b2f      0x9ce Drivers/STM32F0xx_HAL_Driver/Src/stm32f0xx_hal_rcc.o
 .debug_line    0x00000000000074fd      0x97a Drivers/STM32F0xx_HAL_Driver/Src/stm32f0xx_hal_rcc_ex.o
 .debug_line    0x0000000000007e77     0x1b13 Drivers/STM32F0xx_HAL_Driver/Src/stm32f0xx_hal_tim.o
 .debug_line    0x000000000000998a      0xd2d Drivers/STM32F0xx_HAL_Driver/Src/stm32f0xx_hal_tim_ex.o
 .debug_line    0x000000000000a6b7      0x9b8 Drivers/STM32F0xx_HAL_Driver/Src/stm32f0xx_hal_tsc.o
 .debug_line    0x000000000000b06f     0x123f Drivers/STM32F0xx_HAL_Driver/Src/stm32f0xx_hal_uart.o
 .debug_line    0x000000000000c2ae      0xc10 Drivers/STM32F0xx_HAL_Driver/Src/stm32f0xx_ll_usb.o

.debug_str      0x0000000000000000    0x8863a
 .debug_str     0x0000000000000000     0x4165 Core/Src/CV.o
                                       0x435a (size before relaxing)
 .debug_str     0x0000000000004165    0x7c56c Core/Src/main.o
                                      0x80938 (size before relaxing)
 .debug_str     0x00000000000806d1      0x424 Core/Src/stm32f0xx_hal_msp.o
                                      0x7ff87 (size before relaxing)
 .debug_str     0x0000000000080af5       0x8b Core/Src/stm32f0xx_it.o
                                      0x7f4a6 (size before relaxing)
 .debug_str     0x0000000000080b80     0x4534 Core/Src/sysmem.o
                                       0x7a47 (size before relaxing)
 .debug_str     0x00000000000850b4       0x5f Core/Src/system_stm32f0xx.o
                                      0x7ee71 (size before relaxing)
 .debug_str     0x0000000000085113       0x36 Core/Startup/startup_stm32f072rbtx.o
                                         0x72 (size before relaxing)
 .debug_str     0x0000000000085149      0x38a Drivers/STM32F0xx_HAL_Driver/Src/stm32f0xx_hal.o
                                      0x7f3df (size before relaxing)
 .debug_str     0x00000000000854d3      0x1e5 Drivers/STM32F0xx_HAL_Driver/Src/stm32f0xx_hal_cortex.o
                                      0x7f293 (size before relaxing)
 .debug_str     0x00000000000856b8      0x173 Drivers/STM32F0xx_HAL_Driver/Src/stm32f0xx_hal_dac.o
                                      0x7f2ea (size before relaxing)
 .debug_str     0x000000000008582b      0x1ae Drivers/STM32F0xx_HAL_Driver/Src/stm32f0xx_hal_dac_ex.o
                                      0x7f36e (size before relaxing)
 .debug_str     0x00000000000859d9      0x200 Drivers/STM32F0xx_HAL_Driver/Src/stm32f0xx_hal_gpio.o
                                      0x7f10d (size before relaxing)
 .debug_str     0x0000000000085bd9      0x3a4 Drivers/STM32F0xx_HAL_Driver/Src/stm32f0xx_hal_pcd.o
                                      0x7f558 (size before relaxing)
 .debug_str     0x0000000000085f7d      0x1c6 Drivers/STM32F0xx_HAL_Driver/Src/stm32f0xx_hal_pcd_ex.o
                                      0x7f381 (size before relaxing)
 .debug_str     0x0000000000086143      0x249 Drivers/STM32F0xx_HAL_Driver/Src/stm32f0xx_hal_rcc.o
                                      0x7f286 (size before relaxing)
 .debug_str     0x000000000008638c      0x2db Drivers/STM32F0xx_HAL_Driver/Src/stm32f0xx_hal_rcc_ex.o
                                      0x7f263 (size before relaxing)
 .debug_str     0x0000000000086667      0xd60 Drivers/STM32F0xx_HAL_Driver/Src/stm32f0xx_hal_tim.o
                                      0x8006a (size before relaxing)
 .debug_str     0x00000000000873c7      0x52f Drivers/STM32F0xx_HAL_Driver/Src/stm32f0xx_hal_tim_ex.o
                                      0x7f81e (size before relaxing)
 .debug_str     0x00000000000878f6      0x254 Drivers/STM32F0xx_HAL_Driver/Src/stm32f0xx_hal_tsc.o
                                      0x7f2bd (size before relaxing)
 .debug_str     0x0000000000087b4a      0x7e8 Drivers/STM32F0xx_HAL_Driver/Src/stm32f0xx_hal_uart.o
                                      0x7fa86 (size before relaxing)
 .debug_str     0x0000000000088332      0x308 Drivers/STM32F0xx_HAL_Driver/Src/stm32f0xx_ll_usb.o
                                      0x7f367 (size before relaxing)

.comment        0x0000000000000000       0x7b
 .comment       0x0000000000000000       0x7b Core/Src/CV.o
                                         0x7c (size before relaxing)
 .comment       0x000000000000007b       0x7c Core/Src/main.o
 .comment       0x000000000000007b       0x7c Core/Src/stm32f0xx_hal_msp.o
 .comment       0x000000000000007b       0x7c Core/Src/stm32f0xx_it.o
 .comment       0x000000000000007b       0x7c Core/Src/sysmem.o
 .comment       0x000000000000007b       0x7c Core/Src/system_stm32f0xx.o
 .comment       0x000000000000007b       0x7c Drivers/STM32F0xx_HAL_Driver/Src/stm32f0xx_hal.o
 .comment       0x000000000000007b       0x7c Drivers/STM32F0xx_HAL_Driver/Src/stm32f0xx_hal_cortex.o
 .comment       0x000000000000007b       0x7c Drivers/STM32F0xx_HAL_Driver/Src/stm32f0xx_hal_dac.o
 .comment       0x000000000000007b       0x7c Drivers/STM32F0xx_HAL_Driver/Src/stm32f0xx_hal_dac_ex.o
 .comment       0x000000000000007b       0x7c Drivers/STM32F0xx_HAL_Driver/Src/stm32f0xx_hal_gpio.o
 .comment       0x000000000000007b       0x7c Drivers/STM32F0xx_HAL_Driver/Src/stm32f0xx_hal_pcd.o
 .comment       0x000000000000007b       0x7c Drivers/STM32F0xx_HAL_Driver/Src/stm32f0xx_hal_pcd_ex.o
 .comment       0x000000000000007b       0x7c Drivers/STM32F0xx_HAL_Driver/Src/stm32f0xx_hal_rcc.o
 .comment       0x000000000000007b       0x7c Drivers/STM32F0xx_HAL_Driver/Src/stm32f0xx_hal_rcc_ex.o
 .comment       0x000000000000007b       0x7c Drivers/STM32F0xx_HAL_Driver/Src/stm32f0xx_hal_tim.o
 .comment       0x000000000000007b       0x7c Drivers/STM32F0xx_HAL_Driver/Src/stm32f0xx_hal_tim_ex.o
 .comment       0x000000000000007b       0x7c Drivers/STM32F0xx_HAL_Driver/Src/stm32f0xx_hal_tsc.o
 .comment       0x000000000000007b       0x7c Drivers/STM32F0xx_HAL_Driver/Src/stm32f0xx_hal_uart.o
 .comment       0x000000000000007b       0x7c Drivers/STM32F0xx_HAL_Driver/Src/stm32f0xx_ll_usb.o

.debug_frame    0x0000000000000000     0x3ec8
 .debug_frame   0x0000000000000000      0x274 Core/Src/CV.o
 .debug_frame   0x0000000000000274      0x1d0 Core/Src/main.o
 .debug_frame   0x0000000000000444      0x190 Core/Src/stm32f0xx_hal_msp.o
 .debug_frame   0x00000000000005d4       0xb8 Core/Src/stm32f0xx_it.o
 .debug_frame   0x000000000000068c       0x30 Core/Src/sysmem.o
 .debug_frame   0x00000000000006bc       0x4c Core/Src/system_stm32f0xx.o
 .debug_frame   0x0000000000000708      0x2a4 Drivers/STM32F0xx_HAL_Driver/Src/stm32f0xx_hal.o
 .debug_frame   0x00000000000009ac      0x2a0 Drivers/STM32F0xx_HAL_Driver/Src/stm32f0xx_hal_cortex.o
 .debug_frame   0x0000000000000c4c      0x250 Drivers/STM32F0xx_HAL_Driver/Src/stm32f0xx_hal_dac.o
 .debug_frame   0x0000000000000e9c      0x270 Drivers/STM32F0xx_HAL_Driver/Src/stm32f0xx_hal_dac_ex.o
 .debug_frame   0x000000000000110c      0x110 Drivers/STM32F0xx_HAL_Driver/Src/stm32f0xx_hal_gpio.o
 .debug_frame   0x000000000000121c      0x434 Drivers/STM32F0xx_HAL_Driver/Src/stm32f0xx_hal_pcd.o
 .debug_frame   0x0000000000001650      0x110 Drivers/STM32F0xx_HAL_Driver/Src/stm32f0xx_hal_pcd_ex.o
 .debug_frame   0x0000000000001760      0x198 Drivers/STM32F0xx_HAL_Driver/Src/stm32f0xx_hal_rcc.o
 .debug_frame   0x00000000000018f8      0x180 Drivers/STM32F0xx_HAL_Driver/Src/stm32f0xx_hal_rcc_ex.o
 .debug_frame   0x0000000000001a78      0xe90 Drivers/STM32F0xx_HAL_Driver/Src/stm32f0xx_hal_tim.o
 .debug_frame   0x0000000000002908      0x4f0 Drivers/STM32F0xx_HAL_Driver/Src/stm32f0xx_hal_tim_ex.o
 .debug_frame   0x0000000000002df8      0x250 Drivers/STM32F0xx_HAL_Driver/Src/stm32f0xx_hal_tsc.o
 .debug_frame   0x0000000000003048      0x7f0 Drivers/STM32F0xx_HAL_Driver/Src/stm32f0xx_hal_uart.o
 .debug_frame   0x0000000000003838      0x3e0 Drivers/STM32F0xx_HAL_Driver/Src/stm32f0xx_ll_usb.o
 .debug_frame   0x0000000000003c18       0x28 c:/st/stm32cubeide_1.2.0/stm32cubeide/plugins/com.st.stm32cube.ide.mcu.externaltools.gnu-tools-for-stm32.7-2018-q2-update.win32_1.0.0.201904181610/tools/bin/../lib/gcc/arm-none-eabi/7.3.1/../../../../arm-none-eabi/lib/thumb/v6-m\libstdc++_nano.a(del_ops.o)
 .debug_frame   0x0000000000003c40       0x28 c:/st/stm32cubeide_1.2.0/stm32cubeide/plugins/com.st.stm32cube.ide.mcu.externaltools.gnu-tools-for-stm32.7-2018-q2-update.win32_1.0.0.201904181610/tools/bin/../lib/gcc/arm-none-eabi/7.3.1/../../../../arm-none-eabi/lib/thumb/v6-m\libstdc++_nano.a(del_op.o)
 .debug_frame   0x0000000000003c68       0x20 c:/st/stm32cubeide_1.2.0/stm32cubeide/plugins/com.st.stm32cube.ide.mcu.externaltools.gnu-tools-for-stm32.7-2018-q2-update.win32_1.0.0.201904181610/tools/bin/../lib/gcc/arm-none-eabi/7.3.1/../../../../arm-none-eabi/lib/thumb/v6-m\libc_nano.a(lib_a-errno.o)
 .debug_frame   0x0000000000003c88       0x2c c:/st/stm32cubeide_1.2.0/stm32cubeide/plugins/com.st.stm32cube.ide.mcu.externaltools.gnu-tools-for-stm32.7-2018-q2-update.win32_1.0.0.201904181610/tools/bin/../lib/gcc/arm-none-eabi/7.3.1/../../../../arm-none-eabi/lib/thumb/v6-m\libc_nano.a(lib_a-init.o)
 .debug_frame   0x0000000000003cb4       0x40 c:/st/stm32cubeide_1.2.0/stm32cubeide/plugins/com.st.stm32cube.ide.mcu.externaltools.gnu-tools-for-stm32.7-2018-q2-update.win32_1.0.0.201904181610/tools/bin/../lib/gcc/arm-none-eabi/7.3.1/../../../../arm-none-eabi/lib/thumb/v6-m\libc_nano.a(lib_a-malloc.o)
 .debug_frame   0x0000000000003cf4       0x20 c:/st/stm32cubeide_1.2.0/stm32cubeide/plugins/com.st.stm32cube.ide.mcu.externaltools.gnu-tools-for-stm32.7-2018-q2-update.win32_1.0.0.201904181610/tools/bin/../lib/gcc/arm-none-eabi/7.3.1/../../../../arm-none-eabi/lib/thumb/v6-m\libc_nano.a(lib_a-memset.o)
 .debug_frame   0x0000000000003d14       0x2c c:/st/stm32cubeide_1.2.0/stm32cubeide/plugins/com.st.stm32cube.ide.mcu.externaltools.gnu-tools-for-stm32.7-2018-q2-update.win32_1.0.0.201904181610/tools/bin/../lib/gcc/arm-none-eabi/7.3.1/../../../../arm-none-eabi/lib/thumb/v6-m\libc_nano.a(lib_a-nano-freer.o)
 .debug_frame   0x0000000000003d40       0x2c c:/st/stm32cubeide_1.2.0/stm32cubeide/plugins/com.st.stm32cube.ide.mcu.externaltools.gnu-tools-for-stm32.7-2018-q2-update.win32_1.0.0.201904181610/tools/bin/../lib/gcc/arm-none-eabi/7.3.1/../../../../arm-none-eabi/lib/thumb/v6-m\libc_nano.a(lib_a-nano-mallocr.o)
 .debug_frame   0x0000000000003d6c       0x44 c:/st/stm32cubeide_1.2.0/stm32cubeide/plugins/com.st.stm32cube.ide.mcu.externaltools.gnu-tools-for-stm32.7-2018-q2-update.win32_1.0.0.201904181610/tools/bin/../lib/gcc/arm-none-eabi/7.3.1/../../../../arm-none-eabi/lib/thumb/v6-m\libc_nano.a(lib_a-rand.o)
 .debug_frame   0x0000000000003db0       0x2c c:/st/stm32cubeide_1.2.0/stm32cubeide/plugins/com.st.stm32cube.ide.mcu.externaltools.gnu-tools-for-stm32.7-2018-q2-update.win32_1.0.0.201904181610/tools/bin/../lib/gcc/arm-none-eabi/7.3.1/../../../../arm-none-eabi/lib/thumb/v6-m\libc_nano.a(lib_a-sbrkr.o)
 .debug_frame   0x0000000000003ddc       0x30 c:/st/stm32cubeide_1.2.0/stm32cubeide/plugins/com.st.stm32cube.ide.mcu.externaltools.gnu-tools-for-stm32.7-2018-q2-update.win32_1.0.0.201904181610/tools/bin/../lib/gcc/arm-none-eabi/7.3.1/../../../../arm-none-eabi/lib/thumb/v6-m\libc_nano.a(lib_a-mlock.o)
 .debug_frame   0x0000000000003e0c       0x48 c:/st/stm32cubeide_1.2.0/stm32cubeide/plugins/com.st.stm32cube.ide.mcu.externaltools.gnu-tools-for-stm32.7-2018-q2-update.win32_1.0.0.201904181610/tools/bin/../lib/gcc/arm-none-eabi/7.3.1/../../../../arm-none-eabi/lib/thumb/v6-m\libc_nano.a(lib_a-reent.o)
 .debug_frame   0x0000000000003e54       0x20 c:/st/stm32cubeide_1.2.0/stm32cubeide/plugins/com.st.stm32cube.ide.mcu.externaltools.gnu-tools-for-stm32.7-2018-q2-update.win32_1.0.0.201904181610/tools/bin/../lib/gcc/arm-none-eabi/7.3.1/thumb/v6-m\libgcc.a(_udivsi3.o)
 .debug_frame   0x0000000000003e74       0x20 c:/st/stm32cubeide_1.2.0/stm32cubeide/plugins/com.st.stm32cube.ide.mcu.externaltools.gnu-tools-for-stm32.7-2018-q2-update.win32_1.0.0.201904181610/tools/bin/../lib/gcc/arm-none-eabi/7.3.1/thumb/v6-m\libgcc.a(_divsi3.o)
 .debug_frame   0x0000000000003e94       0x34 c:/st/stm32cubeide_1.2.0/stm32cubeide/plugins/com.st.stm32cube.ide.mcu.externaltools.gnu-tools-for-stm32.7-2018-q2-update.win32_1.0.0.201904181610/tools/bin/../lib/gcc/arm-none-eabi/7.3.1/thumb/v6-m\libgcc.a(_muldi3.o)
